            filename             
---------------------------------
 201303212222_IDEMPIERE-1845.sql
(1 fila)

UPDATE 1
UPDATE 1
              register_migration_script              
-----------------------------------------------------
 201303212222_IDEMPIERE-1845.sql was already applied
 201303212222_IDEMPIERE-1845.sql was already applied
(2 filas)

            filename             
---------------------------------
 201310281633_IDEMPIERE-1442.sql
(1 fila)

UPDATE 1
UPDATE 1
UPDATE 1
UPDATE 1
UPDATE 1
UPDATE 1
UPDATE 1
UPDATE 1
UPDATE 1
UPDATE 1
UPDATE 1
UPDATE 1
UPDATE 1
UPDATE 1
UPDATE 1
UPDATE 1
UPDATE 1
 altercolumn 
-------------
 
(1 fila)

INSERT 0 0
UPDATE 0
 altercolumn 
-------------
 
(1 fila)

INSERT 0 0
UPDATE 0
              register_migration_script              
-----------------------------------------------------
 201310281633_IDEMPIERE-1442.sql was already applied
 201310281633_IDEMPIERE-1442.sql was already applied
(2 filas)

            filename             
---------------------------------
 201311061318_IDEMPIERE-1083.sql
(1 fila)

DELETE 1
              register_migration_script              
-----------------------------------------------------
 201311061318_IDEMPIERE-1083.sql was already applied
 201311061318_IDEMPIERE-1083.sql was already applied
(2 filas)

            filename             
---------------------------------
 201311061521_IDEMPIERE-1184.sql
(1 fila)

UPDATE 1
UPDATE 1
              register_migration_script              
-----------------------------------------------------
 201311061521_IDEMPIERE-1184.sql was already applied
 201311061521_IDEMPIERE-1184.sql was already applied
(2 filas)

            filename             
---------------------------------
 201311061531_IDEMPIERE-1362.sql
(1 fila)

UPDATE 1
UPDATE 1
UPDATE 0
UPDATE 0
UPDATE 0
UPDATE 1
UPDATE 0
              register_migration_script              
-----------------------------------------------------
 201311061531_IDEMPIERE-1362.sql was already applied
 201311061531_IDEMPIERE-1362.sql was already applied
(2 filas)

            filename            
--------------------------------
 201311061603_IDEMPIERE-583.sql
(1 fila)

UPDATE 1
             register_migration_script              
----------------------------------------------------
 201311061603_IDEMPIERE-583.sql was already applied
 201311061603_IDEMPIERE-583.sql was already applied
(2 filas)

            filename             
---------------------------------
 201311071604_IDEMPIERE-1514.sql
(1 fila)

UPDATE 1
              register_migration_script              
-----------------------------------------------------
 201311071604_IDEMPIERE-1514.sql was already applied
 201311071604_IDEMPIERE-1514.sql was already applied
(2 filas)

            filename             
---------------------------------
 201311071647_IDEMPIERE-1442.sql
(1 fila)

UPDATE 1
UPDATE 1
UPDATE 1
UPDATE 1
UPDATE 1
UPDATE 1
UPDATE 1
UPDATE 1
              register_migration_script              
-----------------------------------------------------
 201311071647_IDEMPIERE-1442.sql was already applied
 201311071647_IDEMPIERE-1442.sql was already applied
(2 filas)

            filename             
---------------------------------
 201311131356_IDEMPIERE-1530.sql
(1 fila)

              register_migration_script              
-----------------------------------------------------
 201311131356_IDEMPIERE-1530.sql was already applied
 201311131356_IDEMPIERE-1530.sql was already applied
(2 filas)

            filename             
---------------------------------
 201311151945_IDEMPIERE-1533.sql
(1 fila)

UPDATE 1
              register_migration_script              
-----------------------------------------------------
 201311151945_IDEMPIERE-1533.sql was already applied
 201311151945_IDEMPIERE-1533.sql was already applied
(2 filas)

            filename             
---------------------------------
 201311201011_IDEMPIERE-1520.sql
(1 fila)

              register_migration_script              
-----------------------------------------------------
 201311201011_IDEMPIERE-1520.sql was already applied
 201311201011_IDEMPIERE-1520.sql was already applied
(2 filas)

            filename             
---------------------------------
 201311201053_IDEMPIERE-1541.sql
(1 fila)

              register_migration_script              
-----------------------------------------------------
 201311201053_IDEMPIERE-1541.sql was already applied
 201311201053_IDEMPIERE-1541.sql was already applied
(2 filas)

            filename             
---------------------------------
 201311201442_IDEMPIERE-1553.sql
(1 fila)

UPDATE 1
              register_migration_script              
-----------------------------------------------------
 201311201442_IDEMPIERE-1553.sql was already applied
 201311201442_IDEMPIERE-1553.sql was already applied
(2 filas)

            filename            
--------------------------------
 201311221611_IDEMPIERE-325.sql
(1 fila)

             register_migration_script              
----------------------------------------------------
 201311221611_IDEMPIERE-325.sql was already applied
 201311221611_IDEMPIERE-325.sql was already applied
(2 filas)

            filename            
--------------------------------
 201311261943_IDEMPIERE-594.sql
(1 fila)

UPDATE 1
UPDATE 1
UPDATE 1
UPDATE 1
UPDATE 1
UPDATE 1
UPDATE 1
UPDATE 1
UPDATE 1
UPDATE 1
             register_migration_script              
----------------------------------------------------
 201311261943_IDEMPIERE-594.sql was already applied
 201311261943_IDEMPIERE-594.sql was already applied
(2 filas)

            filename            
--------------------------------
 201311271131_IDEMPIERE-594.sql
(1 fila)

UPDATE 1
UPDATE 1
UPDATE 1
UPDATE 1
UPDATE 1
UPDATE 1
UPDATE 1
UPDATE 1
UPDATE 1
UPDATE 1
UPDATE 1
UPDATE 1
UPDATE 1
UPDATE 1
UPDATE 1
UPDATE 1
UPDATE 1
UPDATE 1
UPDATE 1
UPDATE 1
UPDATE 1
UPDATE 1
UPDATE 1
UPDATE 1
UPDATE 1
UPDATE 1
UPDATE 1
UPDATE 1
UPDATE 1
UPDATE 1
UPDATE 1
UPDATE 1
UPDATE 1
UPDATE 1
UPDATE 1
UPDATE 1
UPDATE 1
             register_migration_script              
----------------------------------------------------
 201311271131_IDEMPIERE-594.sql was already applied
 201311271131_IDEMPIERE-594.sql was already applied
(2 filas)

            filename             
---------------------------------
 201311271704_IDEMPIERE-1521.sql
(1 fila)

UPDATE 1
UPDATE 1
              register_migration_script              
-----------------------------------------------------
 201311271704_IDEMPIERE-1521.sql was already applied
 201311271704_IDEMPIERE-1521.sql was already applied
(2 filas)

            filename             
---------------------------------
 201311280926_IDEMPIERE-1575.sql
(1 fila)

UPDATE 1
 altercolumn 
-------------
 
(1 fila)

INSERT 0 0
UPDATE 1
 altercolumn 
-------------
 
(1 fila)

INSERT 0 0
UPDATE 1
 altercolumn 
-------------
 
(1 fila)

INSERT 0 0
UPDATE 1
 altercolumn 
-------------
 
(1 fila)

INSERT 0 0
UPDATE 1
 altercolumn 
-------------
 
(1 fila)

INSERT 0 0
UPDATE 1
 altercolumn 
-------------
 
(1 fila)

INSERT 0 0
UPDATE 1
 altercolumn 
-------------
 
(1 fila)

INSERT 0 0
UPDATE 1
 altercolumn 
-------------
 
(1 fila)

INSERT 0 0
UPDATE 1
 altercolumn 
-------------
 
(1 fila)

INSERT 0 0
              register_migration_script              
-----------------------------------------------------
 201311280926_IDEMPIERE-1575.sql was already applied
 201311280926_IDEMPIERE-1575.sql was already applied
(2 filas)

            filename             
---------------------------------
 201312031304_IDEMPIERE-1590.sql
(1 fila)

UPDATE 1
              register_migration_script              
-----------------------------------------------------
 201312031304_IDEMPIERE-1590.sql was already applied
 201312031304_IDEMPIERE-1590.sql was already applied
(2 filas)

            filename            
--------------------------------
 201312041431_IDEMPIERE-362.sql
(1 fila)

UPDATE 1
UPDATE 1
             register_migration_script              
----------------------------------------------------
 201312041431_IDEMPIERE-362.sql was already applied
 201312041431_IDEMPIERE-362.sql was already applied
(2 filas)

            filename            
--------------------------------
 201312051535_IDEMPIERE-337.sql
(1 fila)

UPDATE 0
             register_migration_script              
----------------------------------------------------
 201312051535_IDEMPIERE-337.sql was already applied
 201312051535_IDEMPIERE-337.sql was already applied
(2 filas)

            filename             
---------------------------------
 201312110939_IDEMPIERE-1625.sql
(1 fila)

CREATE FUNCTION
              register_migration_script              
-----------------------------------------------------
 201312110939_IDEMPIERE-1625.sql was already applied
 201312110939_IDEMPIERE-1625.sql was already applied
(2 filas)

                    filename                     
-------------------------------------------------
 201312111413_IDEMPIERE-1132_OfficialIndexes.sql
(1 fila)

                      register_migration_script                      
---------------------------------------------------------------------
 201312111413_IDEMPIERE-1132_OfficialIndexes.sql was already applied
 201312111413_IDEMPIERE-1132_OfficialIndexes.sql was already applied
(2 filas)

                   filename                    
-----------------------------------------------
 201312111745_IDEMPIERE-1132_OfficialFKeys.sql
(1 fila)

UPDATE 1
UPDATE 1
UPDATE 1
UPDATE 1
UPDATE 1
UPDATE 1
UPDATE 1
UPDATE 1
UPDATE 1
UPDATE 1
UPDATE 1
UPDATE 1
UPDATE 1
UPDATE 1
UPDATE 1
UPDATE 1
UPDATE 1
UPDATE 1
UPDATE 1
UPDATE 1
UPDATE 1
UPDATE 1
UPDATE 1
UPDATE 1
UPDATE 1
UPDATE 1
UPDATE 1
UPDATE 1
UPDATE 1
UPDATE 1
UPDATE 1
UPDATE 1
UPDATE 1
UPDATE 1
UPDATE 1
UPDATE 1
UPDATE 1
UPDATE 1
UPDATE 1
UPDATE 1
UPDATE 1
UPDATE 1
UPDATE 1
UPDATE 1
UPDATE 1
UPDATE 1
UPDATE 1
UPDATE 1
UPDATE 1
UPDATE 1
UPDATE 1
UPDATE 1
UPDATE 1
UPDATE 1
UPDATE 1
UPDATE 1
UPDATE 1
UPDATE 1
UPDATE 1
UPDATE 1
UPDATE 1
UPDATE 1
UPDATE 1
UPDATE 1
UPDATE 1
UPDATE 1
UPDATE 1
UPDATE 1
UPDATE 1
UPDATE 1
UPDATE 1
UPDATE 1
UPDATE 1
UPDATE 1
UPDATE 1
UPDATE 1
UPDATE 1
UPDATE 1
UPDATE 1
UPDATE 1
UPDATE 1
UPDATE 1
UPDATE 1
UPDATE 1
UPDATE 1
UPDATE 1
UPDATE 1
UPDATE 1
UPDATE 1
UPDATE 1
UPDATE 1
UPDATE 1
UPDATE 1
UPDATE 1
UPDATE 1
UPDATE 1
UPDATE 1
UPDATE 1
UPDATE 1
UPDATE 1
UPDATE 1
UPDATE 1
UPDATE 1
UPDATE 1
UPDATE 1
UPDATE 1
UPDATE 1
UPDATE 1
UPDATE 1
UPDATE 1
UPDATE 1
UPDATE 1
UPDATE 1
UPDATE 1
UPDATE 1
UPDATE 1
UPDATE 1
UPDATE 1
UPDATE 1
UPDATE 1
UPDATE 1
UPDATE 1
UPDATE 1
UPDATE 1
UPDATE 1
UPDATE 1
UPDATE 1
UPDATE 1
UPDATE 1
UPDATE 1
UPDATE 1
UPDATE 1
UPDATE 1
UPDATE 1
UPDATE 1
UPDATE 1
UPDATE 1
UPDATE 1
UPDATE 1
UPDATE 1
UPDATE 1
UPDATE 1
UPDATE 1
UPDATE 1
UPDATE 1
UPDATE 1
UPDATE 1
UPDATE 1
UPDATE 1
UPDATE 1
UPDATE 1
UPDATE 1
UPDATE 1
UPDATE 1
UPDATE 1
UPDATE 1
UPDATE 1
UPDATE 1
UPDATE 1
UPDATE 1
UPDATE 1
UPDATE 1
UPDATE 1
UPDATE 1
UPDATE 1
UPDATE 1
UPDATE 1
UPDATE 1
UPDATE 1
UPDATE 1
UPDATE 1
UPDATE 1
UPDATE 1
UPDATE 1
UPDATE 1
UPDATE 1
UPDATE 1
UPDATE 1
UPDATE 1
UPDATE 1
UPDATE 1
UPDATE 1
UPDATE 1
UPDATE 1
UPDATE 1
UPDATE 1
UPDATE 1
UPDATE 1
UPDATE 1
UPDATE 1
UPDATE 1
UPDATE 1
UPDATE 1
UPDATE 1
UPDATE 1
UPDATE 1
UPDATE 1
UPDATE 1
UPDATE 1
UPDATE 1
UPDATE 1
UPDATE 1
UPDATE 1
UPDATE 1
UPDATE 1
UPDATE 1
UPDATE 1
UPDATE 1
UPDATE 1
UPDATE 1
UPDATE 1
UPDATE 1
UPDATE 1
UPDATE 1
UPDATE 1
UPDATE 1
UPDATE 1
UPDATE 1
UPDATE 1
UPDATE 1
UPDATE 1
UPDATE 1
UPDATE 1
UPDATE 1
UPDATE 1
UPDATE 1
UPDATE 1
UPDATE 1
UPDATE 1
UPDATE 1
UPDATE 1
UPDATE 1
UPDATE 1
UPDATE 1
UPDATE 1
UPDATE 1
UPDATE 1
UPDATE 1
UPDATE 1
UPDATE 1
UPDATE 1
UPDATE 1
UPDATE 1
UPDATE 1
UPDATE 1
UPDATE 1
UPDATE 1
UPDATE 1
UPDATE 1
UPDATE 1
UPDATE 1
UPDATE 1
UPDATE 1
UPDATE 1
UPDATE 1
UPDATE 1
UPDATE 1
UPDATE 1
UPDATE 1
UPDATE 1
UPDATE 1
UPDATE 1
UPDATE 1
UPDATE 1
UPDATE 1
UPDATE 1
UPDATE 1
UPDATE 1
UPDATE 1
UPDATE 1
UPDATE 1
UPDATE 1
UPDATE 1
UPDATE 1
UPDATE 1
UPDATE 1
UPDATE 1
UPDATE 1
UPDATE 1
UPDATE 1
UPDATE 1
UPDATE 1
UPDATE 1
UPDATE 1
UPDATE 1
UPDATE 1
UPDATE 1
UPDATE 1
UPDATE 1
UPDATE 1
UPDATE 1
UPDATE 1
UPDATE 1
UPDATE 1
UPDATE 1
UPDATE 1
UPDATE 1
UPDATE 1
UPDATE 1
UPDATE 1
UPDATE 1
UPDATE 1
UPDATE 1
UPDATE 1
UPDATE 1
UPDATE 1
UPDATE 1
UPDATE 1
UPDATE 1
UPDATE 1
UPDATE 1
UPDATE 1
UPDATE 1
UPDATE 1
UPDATE 1
UPDATE 1
UPDATE 1
UPDATE 1
UPDATE 1
UPDATE 1
UPDATE 1
UPDATE 1
UPDATE 1
UPDATE 1
UPDATE 1
UPDATE 1
UPDATE 1
UPDATE 1
UPDATE 1
UPDATE 1
UPDATE 1
UPDATE 1
UPDATE 1
UPDATE 1
UPDATE 1
UPDATE 1
UPDATE 1
UPDATE 1
UPDATE 1
UPDATE 1
UPDATE 1
UPDATE 1
UPDATE 1
UPDATE 1
UPDATE 1
UPDATE 1
UPDATE 1
UPDATE 1
UPDATE 1
UPDATE 1
UPDATE 1
UPDATE 1
UPDATE 1
UPDATE 1
UPDATE 1
UPDATE 1
UPDATE 1
UPDATE 1
UPDATE 1
UPDATE 1
UPDATE 1
UPDATE 1
UPDATE 1
UPDATE 1
UPDATE 1
UPDATE 1
UPDATE 1
UPDATE 1
UPDATE 1
UPDATE 1
UPDATE 1
UPDATE 1
UPDATE 1
UPDATE 1
UPDATE 1
UPDATE 1
UPDATE 1
UPDATE 1
UPDATE 1
UPDATE 1
UPDATE 1
UPDATE 1
UPDATE 1
UPDATE 1
UPDATE 1
UPDATE 1
UPDATE 1
UPDATE 1
UPDATE 1
UPDATE 1
UPDATE 1
UPDATE 1
UPDATE 1
UPDATE 1
UPDATE 1
UPDATE 1
UPDATE 1
UPDATE 1
UPDATE 1
UPDATE 1
UPDATE 1
UPDATE 1
UPDATE 1
UPDATE 1
UPDATE 1
UPDATE 1
UPDATE 1
UPDATE 1
UPDATE 1
UPDATE 1
UPDATE 1
UPDATE 1
UPDATE 1
UPDATE 1
UPDATE 1
UPDATE 1
UPDATE 1
UPDATE 1
UPDATE 1
UPDATE 1
UPDATE 1
UPDATE 1
UPDATE 1
UPDATE 1
UPDATE 1
UPDATE 1
UPDATE 1
UPDATE 1
UPDATE 1
UPDATE 1
UPDATE 1
UPDATE 1
UPDATE 1
UPDATE 1
UPDATE 1
UPDATE 1
UPDATE 1
UPDATE 1
UPDATE 1
UPDATE 1
UPDATE 1
UPDATE 1
UPDATE 1
UPDATE 1
UPDATE 1
UPDATE 1
UPDATE 1
UPDATE 1
UPDATE 1
UPDATE 1
UPDATE 1
UPDATE 1
UPDATE 1
UPDATE 1
UPDATE 1
UPDATE 1
UPDATE 1
UPDATE 1
UPDATE 1
UPDATE 1
UPDATE 1
UPDATE 1
UPDATE 1
UPDATE 1
UPDATE 1
UPDATE 1
UPDATE 1
UPDATE 1
UPDATE 1
UPDATE 1
UPDATE 1
UPDATE 1
UPDATE 1
UPDATE 1
UPDATE 1
UPDATE 1
UPDATE 1
UPDATE 1
UPDATE 1
UPDATE 1
UPDATE 1
UPDATE 1
UPDATE 1
UPDATE 1
UPDATE 1
UPDATE 1
UPDATE 1
UPDATE 1
UPDATE 1
UPDATE 1
UPDATE 1
UPDATE 1
UPDATE 1
UPDATE 1
UPDATE 1
UPDATE 1
UPDATE 1
UPDATE 1
UPDATE 1
UPDATE 1
UPDATE 1
UPDATE 1
UPDATE 1
UPDATE 1
UPDATE 1
UPDATE 1
UPDATE 1
UPDATE 1
UPDATE 1
UPDATE 1
UPDATE 1
UPDATE 1
UPDATE 1
UPDATE 1
UPDATE 1
UPDATE 1
UPDATE 1
UPDATE 1
UPDATE 1
UPDATE 1
UPDATE 1
UPDATE 1
UPDATE 1
UPDATE 1
UPDATE 1
UPDATE 1
UPDATE 1
UPDATE 1
UPDATE 1
UPDATE 1
UPDATE 1
UPDATE 1
UPDATE 1
UPDATE 1
UPDATE 1
UPDATE 1
UPDATE 1
UPDATE 1
UPDATE 1
UPDATE 1
UPDATE 1
UPDATE 1
UPDATE 1
UPDATE 1
UPDATE 1
UPDATE 1
UPDATE 1
UPDATE 1
UPDATE 1
UPDATE 1
UPDATE 1
UPDATE 1
UPDATE 1
UPDATE 1
UPDATE 1
UPDATE 1
UPDATE 1
UPDATE 1
UPDATE 1
UPDATE 1
UPDATE 1
UPDATE 1
UPDATE 1
UPDATE 1
UPDATE 1
UPDATE 1
UPDATE 1
UPDATE 1
UPDATE 1
UPDATE 1
UPDATE 1
UPDATE 1
UPDATE 1
UPDATE 1
UPDATE 1
UPDATE 1
UPDATE 1
UPDATE 1
UPDATE 1
UPDATE 1
UPDATE 1
UPDATE 1
UPDATE 1
UPDATE 1
UPDATE 1
UPDATE 1
UPDATE 1
UPDATE 1
UPDATE 1
UPDATE 1
UPDATE 1
UPDATE 1
UPDATE 1
UPDATE 1
UPDATE 1
UPDATE 1
UPDATE 1
UPDATE 1
UPDATE 1
UPDATE 1
UPDATE 1
UPDATE 1
UPDATE 1
UPDATE 1
UPDATE 1
UPDATE 1
UPDATE 1
UPDATE 1
UPDATE 1
UPDATE 1
UPDATE 1
UPDATE 1
UPDATE 1
UPDATE 1
UPDATE 1
UPDATE 1
UPDATE 1
UPDATE 1
UPDATE 1
UPDATE 1
UPDATE 1
UPDATE 1
UPDATE 1
UPDATE 1
UPDATE 1
UPDATE 1
UPDATE 1
UPDATE 1
UPDATE 1
UPDATE 1
UPDATE 1
UPDATE 1
UPDATE 1
UPDATE 1
UPDATE 1
UPDATE 1
UPDATE 1
UPDATE 1
UPDATE 1
UPDATE 1
UPDATE 1
UPDATE 1
UPDATE 1
UPDATE 1
UPDATE 1
UPDATE 1
UPDATE 1
UPDATE 1
UPDATE 1
UPDATE 1
UPDATE 1
UPDATE 1
UPDATE 1
UPDATE 1
UPDATE 1
UPDATE 1
UPDATE 1
UPDATE 1
UPDATE 1
UPDATE 1
UPDATE 1
UPDATE 1
UPDATE 1
UPDATE 1
UPDATE 1
UPDATE 1
UPDATE 1
UPDATE 1
UPDATE 1
UPDATE 1
UPDATE 1
UPDATE 1
UPDATE 1
UPDATE 1
UPDATE 1
UPDATE 1
UPDATE 1
UPDATE 1
UPDATE 1
UPDATE 1
UPDATE 1
UPDATE 1
UPDATE 1
UPDATE 1
UPDATE 1
UPDATE 1
UPDATE 1
UPDATE 1
UPDATE 1
UPDATE 1
UPDATE 1
UPDATE 1
UPDATE 1
UPDATE 1
UPDATE 1
UPDATE 1
UPDATE 1
UPDATE 1
UPDATE 1
UPDATE 1
UPDATE 1
UPDATE 1
UPDATE 1
UPDATE 1
UPDATE 1
UPDATE 1
UPDATE 1
UPDATE 1
UPDATE 1
UPDATE 1
UPDATE 1
UPDATE 1
UPDATE 1
UPDATE 1
UPDATE 1
UPDATE 1
UPDATE 1
UPDATE 1
UPDATE 1
UPDATE 1
UPDATE 1
UPDATE 1
UPDATE 1
UPDATE 1
UPDATE 1
UPDATE 1
UPDATE 1
UPDATE 1
UPDATE 1
UPDATE 1
UPDATE 1
UPDATE 1
UPDATE 1
UPDATE 1
UPDATE 1
UPDATE 1
UPDATE 1
UPDATE 1
UPDATE 1
UPDATE 1
UPDATE 1
UPDATE 1
UPDATE 1
UPDATE 1
UPDATE 1
UPDATE 1
UPDATE 1
UPDATE 1
UPDATE 1
UPDATE 1
UPDATE 1
UPDATE 1
UPDATE 1
UPDATE 1
UPDATE 1
UPDATE 1
UPDATE 1
UPDATE 1
UPDATE 1
UPDATE 1
UPDATE 1
UPDATE 1
UPDATE 1
UPDATE 1
UPDATE 1
UPDATE 1
UPDATE 1
UPDATE 1
UPDATE 1
UPDATE 1
UPDATE 1
UPDATE 1
UPDATE 1
UPDATE 1
UPDATE 1
UPDATE 1
UPDATE 1
UPDATE 1
UPDATE 1
UPDATE 1
UPDATE 1
UPDATE 1
UPDATE 1
UPDATE 1
UPDATE 1
UPDATE 1
UPDATE 1
UPDATE 1
UPDATE 1
UPDATE 1
UPDATE 1
UPDATE 1
UPDATE 1
UPDATE 1
UPDATE 1
UPDATE 1
UPDATE 1
UPDATE 1
UPDATE 1
UPDATE 1
UPDATE 1
UPDATE 1
UPDATE 1
UPDATE 1
UPDATE 1
UPDATE 1
UPDATE 1
UPDATE 1
UPDATE 1
UPDATE 1
UPDATE 1
UPDATE 1
UPDATE 1
UPDATE 1
UPDATE 1
UPDATE 1
UPDATE 1
UPDATE 1
UPDATE 1
UPDATE 1
UPDATE 1
UPDATE 1
UPDATE 1
UPDATE 1
UPDATE 1
UPDATE 1
UPDATE 1
UPDATE 1
UPDATE 1
UPDATE 1
UPDATE 1
UPDATE 1
UPDATE 1
UPDATE 1
UPDATE 1
UPDATE 1
UPDATE 1
UPDATE 1
UPDATE 1
UPDATE 1
UPDATE 1
UPDATE 1
UPDATE 1
UPDATE 1
UPDATE 1
UPDATE 1
UPDATE 1
UPDATE 1
UPDATE 1
UPDATE 1
UPDATE 1
UPDATE 1
UPDATE 1
UPDATE 1
UPDATE 1
UPDATE 1
UPDATE 1
UPDATE 1
UPDATE 1
UPDATE 1
UPDATE 1
UPDATE 1
UPDATE 1
UPDATE 1
UPDATE 1
UPDATE 1
UPDATE 1
UPDATE 1
UPDATE 1
UPDATE 1
UPDATE 1
UPDATE 1
UPDATE 1
UPDATE 1
UPDATE 1
UPDATE 1
UPDATE 1
UPDATE 1
UPDATE 1
UPDATE 1
UPDATE 1
UPDATE 1
UPDATE 1
UPDATE 1
UPDATE 1
UPDATE 1
UPDATE 1
UPDATE 1
UPDATE 1
UPDATE 1
UPDATE 1
UPDATE 1
UPDATE 1
UPDATE 1
UPDATE 1
UPDATE 1
UPDATE 1
UPDATE 1
UPDATE 1
UPDATE 1
UPDATE 1
UPDATE 1
UPDATE 1
UPDATE 1
UPDATE 1
UPDATE 1
UPDATE 1
UPDATE 1
UPDATE 1
UPDATE 1
UPDATE 1
UPDATE 1
UPDATE 1
UPDATE 1
UPDATE 1
UPDATE 1
UPDATE 1
UPDATE 1
UPDATE 1
UPDATE 1
UPDATE 1
UPDATE 1
UPDATE 1
UPDATE 1
UPDATE 1
UPDATE 1
UPDATE 1
UPDATE 1
UPDATE 1
UPDATE 1
UPDATE 1
UPDATE 1
UPDATE 1
UPDATE 1
UPDATE 1
UPDATE 1
UPDATE 1
UPDATE 1
UPDATE 1
UPDATE 1
UPDATE 1
UPDATE 1
UPDATE 1
UPDATE 1
UPDATE 1
UPDATE 1
UPDATE 1
UPDATE 1
UPDATE 1
UPDATE 1
UPDATE 1
UPDATE 1
UPDATE 1
UPDATE 1
UPDATE 1
UPDATE 1
UPDATE 1
UPDATE 1
UPDATE 1
UPDATE 1
UPDATE 1
UPDATE 1
UPDATE 1
UPDATE 1
UPDATE 1
UPDATE 1
UPDATE 1
UPDATE 1
UPDATE 1
UPDATE 1
UPDATE 1
UPDATE 1
UPDATE 1
UPDATE 1
UPDATE 1
UPDATE 1
UPDATE 1
UPDATE 1
UPDATE 1
UPDATE 1
UPDATE 1
UPDATE 1
UPDATE 1
UPDATE 1
UPDATE 1
UPDATE 1
UPDATE 1
UPDATE 1
UPDATE 1
UPDATE 1
UPDATE 1
UPDATE 1
UPDATE 1
UPDATE 1
UPDATE 1
UPDATE 1
UPDATE 1
UPDATE 1
UPDATE 1
UPDATE 1
UPDATE 1
UPDATE 1
UPDATE 1
UPDATE 1
UPDATE 1
UPDATE 1
UPDATE 1
UPDATE 1
UPDATE 1
UPDATE 1
UPDATE 1
UPDATE 1
UPDATE 1
UPDATE 1
UPDATE 1
UPDATE 1
UPDATE 1
UPDATE 1
UPDATE 1
UPDATE 1
UPDATE 1
UPDATE 1
UPDATE 1
UPDATE 1
UPDATE 1
UPDATE 1
UPDATE 1
UPDATE 1
UPDATE 1
UPDATE 1
UPDATE 1
UPDATE 1
UPDATE 1
UPDATE 1
UPDATE 1
UPDATE 1
UPDATE 1
UPDATE 1
UPDATE 1
UPDATE 1
UPDATE 1
UPDATE 1
UPDATE 1
UPDATE 1
UPDATE 1
UPDATE 1
UPDATE 1
UPDATE 1
UPDATE 1
UPDATE 1
UPDATE 1
UPDATE 1
UPDATE 1
UPDATE 1
UPDATE 1
UPDATE 1
UPDATE 1
UPDATE 1
UPDATE 1
UPDATE 1
UPDATE 1
UPDATE 1
UPDATE 1
UPDATE 1
UPDATE 1
UPDATE 1
UPDATE 1
UPDATE 1
UPDATE 1
UPDATE 1
UPDATE 1
UPDATE 1
UPDATE 1
UPDATE 1
UPDATE 1
UPDATE 1
UPDATE 1
UPDATE 1
UPDATE 1
UPDATE 1
UPDATE 1
UPDATE 1
UPDATE 1
UPDATE 1
UPDATE 1
UPDATE 1
UPDATE 1
UPDATE 1
UPDATE 1
UPDATE 1
UPDATE 1
UPDATE 1
UPDATE 1
UPDATE 1
UPDATE 1
UPDATE 1
UPDATE 1
UPDATE 1
UPDATE 1
UPDATE 1
UPDATE 1
UPDATE 1
UPDATE 1
UPDATE 1
UPDATE 1
UPDATE 1
UPDATE 1
UPDATE 1
UPDATE 1
UPDATE 1
UPDATE 1
UPDATE 1
UPDATE 1
UPDATE 1
UPDATE 1
UPDATE 1
UPDATE 1
UPDATE 1
UPDATE 1
UPDATE 1
UPDATE 1
UPDATE 1
UPDATE 1
UPDATE 1
UPDATE 1
UPDATE 1
UPDATE 1
UPDATE 1
UPDATE 1
UPDATE 1
UPDATE 1
UPDATE 1
UPDATE 1
UPDATE 1
UPDATE 1
UPDATE 1
UPDATE 1
UPDATE 1
UPDATE 1
UPDATE 1
UPDATE 1
UPDATE 1
UPDATE 1
UPDATE 1
UPDATE 1
UPDATE 1
UPDATE 1
UPDATE 1
UPDATE 1
UPDATE 1
UPDATE 1
UPDATE 1
UPDATE 1
UPDATE 1
UPDATE 1
UPDATE 1
UPDATE 1
UPDATE 1
UPDATE 1
UPDATE 1
UPDATE 1
UPDATE 1
UPDATE 1
UPDATE 1
UPDATE 1
UPDATE 1
UPDATE 1
UPDATE 1
UPDATE 1
UPDATE 1
UPDATE 1
UPDATE 1
UPDATE 1
UPDATE 1
UPDATE 1
UPDATE 1
UPDATE 1
UPDATE 1
UPDATE 1
UPDATE 1
UPDATE 1
UPDATE 1
UPDATE 1
UPDATE 1
UPDATE 1
UPDATE 1
UPDATE 1
UPDATE 1
UPDATE 1
UPDATE 1
UPDATE 1
UPDATE 1
UPDATE 1
UPDATE 1
UPDATE 1
UPDATE 1
UPDATE 1
UPDATE 1
UPDATE 1
UPDATE 1
UPDATE 1
UPDATE 1
UPDATE 1
UPDATE 1
UPDATE 1
UPDATE 1
UPDATE 1
UPDATE 1
UPDATE 1
UPDATE 1
UPDATE 1
UPDATE 1
UPDATE 1
UPDATE 1
UPDATE 1
UPDATE 1
UPDATE 1
UPDATE 1
UPDATE 1
UPDATE 1
UPDATE 1
UPDATE 1
UPDATE 1
UPDATE 1
UPDATE 1
UPDATE 1
UPDATE 1
UPDATE 1
UPDATE 1
UPDATE 1
UPDATE 1
UPDATE 1
UPDATE 1
UPDATE 1
UPDATE 1
UPDATE 1
UPDATE 1
UPDATE 1
UPDATE 1
UPDATE 1
UPDATE 1
UPDATE 1
UPDATE 1
UPDATE 1
UPDATE 1
UPDATE 1
UPDATE 1
UPDATE 1
UPDATE 1
UPDATE 1
UPDATE 1
UPDATE 1
UPDATE 1
UPDATE 1
UPDATE 1
UPDATE 1
UPDATE 1
UPDATE 1
UPDATE 1
UPDATE 1
UPDATE 1
UPDATE 1
UPDATE 1
UPDATE 1
UPDATE 1
UPDATE 1
UPDATE 1
UPDATE 1
UPDATE 1
UPDATE 1
UPDATE 1
UPDATE 1
UPDATE 1
UPDATE 1
UPDATE 1
UPDATE 1
UPDATE 1
UPDATE 1
UPDATE 1
UPDATE 1
UPDATE 1
UPDATE 1
UPDATE 1
UPDATE 1
UPDATE 1
UPDATE 1
UPDATE 1
UPDATE 1
UPDATE 1
UPDATE 1
UPDATE 1
UPDATE 1
UPDATE 1
UPDATE 1
UPDATE 1
UPDATE 1
UPDATE 1
UPDATE 1
UPDATE 1
UPDATE 1
UPDATE 1
UPDATE 1
UPDATE 1
UPDATE 1
UPDATE 1
UPDATE 1
UPDATE 1
UPDATE 1
UPDATE 1
UPDATE 1
UPDATE 1
UPDATE 1
UPDATE 1
UPDATE 1
UPDATE 1
UPDATE 1
UPDATE 1
UPDATE 1
UPDATE 1
UPDATE 1
UPDATE 1
UPDATE 1
UPDATE 1
UPDATE 1
UPDATE 1
UPDATE 1
UPDATE 1
UPDATE 1
UPDATE 1
UPDATE 1
UPDATE 1
UPDATE 1
UPDATE 1
UPDATE 1
UPDATE 1
UPDATE 1
UPDATE 1
UPDATE 1
UPDATE 1
UPDATE 1
UPDATE 1
UPDATE 1
UPDATE 1
UPDATE 1
UPDATE 1
UPDATE 1
UPDATE 1
UPDATE 1
UPDATE 1
UPDATE 1
UPDATE 1
UPDATE 1
UPDATE 1
UPDATE 1
UPDATE 1
UPDATE 1
UPDATE 1
UPDATE 1
UPDATE 1
UPDATE 1
UPDATE 1
UPDATE 1
UPDATE 1
UPDATE 1
UPDATE 1
UPDATE 1
UPDATE 1
UPDATE 1
UPDATE 1
UPDATE 1
UPDATE 1
UPDATE 1
UPDATE 1
UPDATE 1
UPDATE 1
UPDATE 1
UPDATE 1
UPDATE 1
UPDATE 1
UPDATE 1
UPDATE 1
UPDATE 1
UPDATE 1
UPDATE 1
UPDATE 1
UPDATE 1
UPDATE 1
UPDATE 1
UPDATE 1
UPDATE 1
UPDATE 1
UPDATE 1
UPDATE 1
UPDATE 1
UPDATE 1
UPDATE 1
UPDATE 1
UPDATE 1
UPDATE 1
UPDATE 1
UPDATE 1
UPDATE 1
UPDATE 1
UPDATE 1
UPDATE 1
UPDATE 1
UPDATE 1
UPDATE 1
UPDATE 1
UPDATE 1
UPDATE 1
UPDATE 1
UPDATE 1
UPDATE 1
UPDATE 1
UPDATE 1
UPDATE 1
UPDATE 1
UPDATE 1
UPDATE 1
UPDATE 1
UPDATE 1
UPDATE 1
UPDATE 1
UPDATE 1
UPDATE 1
UPDATE 1
UPDATE 1
UPDATE 1
UPDATE 1
UPDATE 1
UPDATE 1
UPDATE 1
UPDATE 1
UPDATE 1
UPDATE 1
UPDATE 1
UPDATE 1
UPDATE 1
UPDATE 1
UPDATE 1
UPDATE 1
UPDATE 1
UPDATE 1
UPDATE 1
UPDATE 1
UPDATE 1
UPDATE 1
UPDATE 1
UPDATE 1
UPDATE 1
UPDATE 1
UPDATE 1
UPDATE 1
UPDATE 1
UPDATE 1
UPDATE 1
UPDATE 1
UPDATE 1
UPDATE 1
UPDATE 1
UPDATE 1
UPDATE 1
UPDATE 1
UPDATE 1
UPDATE 1
UPDATE 1
UPDATE 1
UPDATE 1
UPDATE 1
UPDATE 1
UPDATE 1
UPDATE 1
UPDATE 1
UPDATE 1
UPDATE 1
UPDATE 1
UPDATE 1
UPDATE 1
UPDATE 1
UPDATE 1
UPDATE 1
UPDATE 1
UPDATE 1
UPDATE 1
UPDATE 1
UPDATE 1
UPDATE 1
UPDATE 1
UPDATE 1
UPDATE 1
UPDATE 1
UPDATE 1
UPDATE 1
UPDATE 1
UPDATE 1
UPDATE 1
UPDATE 1
UPDATE 1
UPDATE 1
UPDATE 1
UPDATE 1
UPDATE 1
UPDATE 1
UPDATE 1
UPDATE 1
UPDATE 1
UPDATE 1
UPDATE 1
UPDATE 1
UPDATE 1
UPDATE 1
UPDATE 1
UPDATE 1
UPDATE 1
UPDATE 1
UPDATE 1
UPDATE 1
UPDATE 1
UPDATE 1
UPDATE 1
UPDATE 1
UPDATE 1
UPDATE 1
UPDATE 1
UPDATE 1
UPDATE 1
UPDATE 1
UPDATE 1
UPDATE 1
UPDATE 1
UPDATE 1
UPDATE 1
UPDATE 1
UPDATE 1
UPDATE 1
UPDATE 1
UPDATE 1
UPDATE 1
UPDATE 1
UPDATE 1
UPDATE 1
UPDATE 1
UPDATE 1
UPDATE 1
UPDATE 1
UPDATE 1
UPDATE 1
UPDATE 1
UPDATE 1
UPDATE 1
UPDATE 1
UPDATE 1
UPDATE 1
UPDATE 1
UPDATE 1
UPDATE 1
UPDATE 1
UPDATE 1
UPDATE 1
UPDATE 1
UPDATE 1
UPDATE 1
UPDATE 1
UPDATE 1
UPDATE 1
UPDATE 1
UPDATE 1
UPDATE 1
UPDATE 1
UPDATE 1
UPDATE 1
UPDATE 1
UPDATE 1
UPDATE 1
UPDATE 1
UPDATE 1
UPDATE 1
UPDATE 1
UPDATE 1
UPDATE 1
UPDATE 1
UPDATE 1
UPDATE 1
UPDATE 1
UPDATE 1
UPDATE 1
UPDATE 1
UPDATE 1
UPDATE 1
UPDATE 1
UPDATE 1
UPDATE 1
UPDATE 1
UPDATE 1
UPDATE 1
UPDATE 1
UPDATE 1
UPDATE 1
UPDATE 1
UPDATE 1
UPDATE 1
UPDATE 1
UPDATE 1
UPDATE 1
UPDATE 1
UPDATE 1
UPDATE 1
UPDATE 1
UPDATE 1
UPDATE 1
UPDATE 1
UPDATE 1
UPDATE 1
UPDATE 1
UPDATE 1
UPDATE 1
UPDATE 1
UPDATE 1
UPDATE 1
UPDATE 1
UPDATE 1
UPDATE 1
UPDATE 1
UPDATE 1
UPDATE 1
UPDATE 1
UPDATE 1
UPDATE 1
UPDATE 1
UPDATE 1
UPDATE 1
UPDATE 1
UPDATE 1
UPDATE 1
UPDATE 1
UPDATE 1
UPDATE 1
UPDATE 1
UPDATE 1
UPDATE 1
UPDATE 1
UPDATE 1
UPDATE 1
UPDATE 1
UPDATE 1
UPDATE 1
UPDATE 1
UPDATE 1
UPDATE 1
UPDATE 1
UPDATE 1
UPDATE 1
UPDATE 1
UPDATE 1
UPDATE 1
UPDATE 1
UPDATE 1
UPDATE 1
UPDATE 1
UPDATE 1
UPDATE 1
UPDATE 1
UPDATE 1
UPDATE 1
UPDATE 1
UPDATE 1
UPDATE 1
UPDATE 1
UPDATE 1
UPDATE 1
UPDATE 1
UPDATE 1
UPDATE 1
UPDATE 1
UPDATE 1
UPDATE 1
UPDATE 1
UPDATE 1
UPDATE 1
UPDATE 1
UPDATE 1
UPDATE 1
UPDATE 1
UPDATE 1
UPDATE 1
UPDATE 1
UPDATE 1
UPDATE 1
UPDATE 1
UPDATE 1
UPDATE 1
UPDATE 1
UPDATE 1
UPDATE 1
UPDATE 1
UPDATE 1
UPDATE 1
UPDATE 1
UPDATE 1
UPDATE 1
UPDATE 1
UPDATE 1
UPDATE 1
UPDATE 1
UPDATE 1
UPDATE 1
UPDATE 1
UPDATE 1
UPDATE 1
UPDATE 1
UPDATE 1
UPDATE 1
UPDATE 1
UPDATE 1
UPDATE 1
UPDATE 1
UPDATE 1
UPDATE 1
UPDATE 1
UPDATE 1
UPDATE 1
UPDATE 1
UPDATE 1
UPDATE 1
UPDATE 1
UPDATE 1
UPDATE 1
UPDATE 1
UPDATE 1
UPDATE 1
UPDATE 1
UPDATE 1
UPDATE 1
UPDATE 1
UPDATE 1
UPDATE 1
UPDATE 1
UPDATE 1
UPDATE 1
UPDATE 1
UPDATE 1
UPDATE 1
UPDATE 1
UPDATE 1
UPDATE 1
UPDATE 1
UPDATE 1
UPDATE 1
UPDATE 1
UPDATE 1
UPDATE 1
UPDATE 1
UPDATE 1
UPDATE 1
UPDATE 1
UPDATE 1
UPDATE 1
UPDATE 1
UPDATE 1
UPDATE 1
UPDATE 1
UPDATE 1
UPDATE 1
UPDATE 1
UPDATE 1
UPDATE 1
UPDATE 1
UPDATE 1
UPDATE 1
UPDATE 1
UPDATE 1
UPDATE 1
UPDATE 1
UPDATE 1
UPDATE 1
UPDATE 1
UPDATE 1
UPDATE 1
UPDATE 1
UPDATE 1
UPDATE 1
UPDATE 1
UPDATE 1
UPDATE 1
UPDATE 1
UPDATE 1
UPDATE 1
UPDATE 1
UPDATE 1
UPDATE 1
UPDATE 1
UPDATE 1
UPDATE 1
UPDATE 1
UPDATE 1
UPDATE 1
UPDATE 1
UPDATE 1
UPDATE 1
UPDATE 1
UPDATE 1
UPDATE 1
UPDATE 1
UPDATE 1
UPDATE 1
UPDATE 1
UPDATE 1
UPDATE 1
UPDATE 1
UPDATE 1
UPDATE 1
UPDATE 1
UPDATE 1
UPDATE 1
UPDATE 1
UPDATE 1
UPDATE 1
UPDATE 1
UPDATE 1
UPDATE 1
UPDATE 1
UPDATE 1
UPDATE 1
UPDATE 1
UPDATE 1
UPDATE 1
UPDATE 1
UPDATE 1
UPDATE 1
UPDATE 1
UPDATE 1
UPDATE 1
UPDATE 1
UPDATE 1
UPDATE 1
UPDATE 1
UPDATE 1
UPDATE 1
UPDATE 1
UPDATE 1
UPDATE 1
UPDATE 1
UPDATE 1
UPDATE 1
UPDATE 1
UPDATE 1
UPDATE 1
UPDATE 1
UPDATE 1
UPDATE 1
UPDATE 1
UPDATE 1
UPDATE 1
UPDATE 1
UPDATE 1
UPDATE 1
UPDATE 1
UPDATE 1
UPDATE 1
UPDATE 1
UPDATE 1
UPDATE 1
UPDATE 1
UPDATE 1
UPDATE 1
UPDATE 1
UPDATE 1
UPDATE 1
UPDATE 1
UPDATE 1
UPDATE 1
UPDATE 1
UPDATE 1
UPDATE 1
UPDATE 1
UPDATE 1
UPDATE 1
UPDATE 1
UPDATE 1
UPDATE 1
UPDATE 1
UPDATE 1
UPDATE 1
UPDATE 1
UPDATE 1
UPDATE 1
UPDATE 1
UPDATE 1
UPDATE 1
UPDATE 1
UPDATE 1
UPDATE 1
UPDATE 1
UPDATE 1
UPDATE 1
UPDATE 1
UPDATE 1
UPDATE 1
UPDATE 1
UPDATE 1
UPDATE 1
UPDATE 1
UPDATE 1
UPDATE 1
UPDATE 1
UPDATE 1
UPDATE 1
UPDATE 1
UPDATE 1
UPDATE 1
UPDATE 1
UPDATE 1
UPDATE 1
UPDATE 1
UPDATE 1
UPDATE 1
UPDATE 1
UPDATE 1
UPDATE 1
UPDATE 1
UPDATE 1
UPDATE 1
UPDATE 1
UPDATE 1
UPDATE 1
UPDATE 1
UPDATE 1
UPDATE 1
UPDATE 1
UPDATE 1
UPDATE 1
UPDATE 1
UPDATE 1
UPDATE 1
UPDATE 1
UPDATE 1
UPDATE 1
UPDATE 1
UPDATE 1
UPDATE 1
UPDATE 1
UPDATE 1
UPDATE 1
UPDATE 1
UPDATE 1
UPDATE 1
UPDATE 1
UPDATE 1
UPDATE 1
UPDATE 1
UPDATE 1
UPDATE 1
UPDATE 1
UPDATE 1
UPDATE 1
UPDATE 1
UPDATE 1
UPDATE 1
UPDATE 1
UPDATE 1
UPDATE 1
UPDATE 1
UPDATE 1
UPDATE 1
UPDATE 1
UPDATE 1
UPDATE 1
UPDATE 1
UPDATE 1
UPDATE 1
UPDATE 1
UPDATE 1
UPDATE 1
UPDATE 1
UPDATE 1
UPDATE 1
UPDATE 1
UPDATE 1
UPDATE 1
UPDATE 1
UPDATE 1
UPDATE 1
UPDATE 1
UPDATE 1
UPDATE 1
UPDATE 1
UPDATE 1
UPDATE 1
UPDATE 1
UPDATE 1
UPDATE 1
UPDATE 1
UPDATE 1
UPDATE 1
UPDATE 1
UPDATE 1
UPDATE 1
UPDATE 1
UPDATE 1
UPDATE 1
UPDATE 1
UPDATE 1
UPDATE 1
UPDATE 1
UPDATE 1
UPDATE 1
UPDATE 1
UPDATE 1
UPDATE 1
UPDATE 1
UPDATE 1
UPDATE 1
UPDATE 1
UPDATE 1
UPDATE 1
UPDATE 1
UPDATE 1
UPDATE 1
UPDATE 1
UPDATE 1
UPDATE 1
UPDATE 1
UPDATE 1
UPDATE 1
UPDATE 1
UPDATE 1
UPDATE 1
UPDATE 1
UPDATE 1
UPDATE 1
UPDATE 1
UPDATE 1
UPDATE 1
UPDATE 1
UPDATE 1
UPDATE 1
UPDATE 1
UPDATE 1
UPDATE 1
UPDATE 1
UPDATE 1
UPDATE 1
UPDATE 1
UPDATE 1
UPDATE 1
UPDATE 1
UPDATE 1
UPDATE 1
UPDATE 1
UPDATE 1
UPDATE 1
UPDATE 1
UPDATE 1
UPDATE 1
UPDATE 1
UPDATE 1
UPDATE 1
UPDATE 1
UPDATE 1
UPDATE 1
UPDATE 1
UPDATE 1
UPDATE 1
UPDATE 1
UPDATE 1
UPDATE 1
UPDATE 1
UPDATE 1
UPDATE 1
UPDATE 1
UPDATE 1
UPDATE 1
UPDATE 1
UPDATE 1
UPDATE 1
UPDATE 1
UPDATE 1
UPDATE 1
UPDATE 1
UPDATE 1
UPDATE 1
UPDATE 1
UPDATE 1
UPDATE 1
UPDATE 1
UPDATE 1
UPDATE 1
UPDATE 1
UPDATE 1
UPDATE 1
UPDATE 1
UPDATE 1
UPDATE 1
UPDATE 1
UPDATE 1
UPDATE 1
UPDATE 1
UPDATE 1
UPDATE 1
UPDATE 1
UPDATE 1
UPDATE 1
UPDATE 1
UPDATE 1
UPDATE 1
UPDATE 1
UPDATE 1
UPDATE 1
UPDATE 1
UPDATE 1
UPDATE 1
UPDATE 1
UPDATE 1
UPDATE 1
UPDATE 1
UPDATE 1
UPDATE 1
UPDATE 1
UPDATE 1
UPDATE 1
UPDATE 1
UPDATE 1
UPDATE 1
UPDATE 1
UPDATE 1
UPDATE 1
UPDATE 1
UPDATE 1
UPDATE 1
UPDATE 1
UPDATE 1
UPDATE 1
UPDATE 1
UPDATE 1
UPDATE 1
UPDATE 1
UPDATE 1
UPDATE 1
UPDATE 1
UPDATE 1
UPDATE 1
UPDATE 1
UPDATE 1
UPDATE 1
UPDATE 1
UPDATE 1
UPDATE 1
UPDATE 1
UPDATE 1
UPDATE 1
UPDATE 1
UPDATE 1
UPDATE 1
UPDATE 1
UPDATE 1
UPDATE 1
UPDATE 1
UPDATE 1
UPDATE 1
UPDATE 1
UPDATE 1
UPDATE 1
UPDATE 1
UPDATE 1
UPDATE 1
UPDATE 1
UPDATE 1
UPDATE 1
UPDATE 1
UPDATE 1
UPDATE 1
UPDATE 1
UPDATE 1
UPDATE 1
UPDATE 1
UPDATE 1
UPDATE 1
UPDATE 1
UPDATE 1
UPDATE 1
UPDATE 1
UPDATE 1
UPDATE 1
UPDATE 1
UPDATE 1
UPDATE 1
UPDATE 1
UPDATE 1
UPDATE 1
UPDATE 1
UPDATE 1
UPDATE 1
UPDATE 1
UPDATE 1
UPDATE 1
UPDATE 1
UPDATE 1
UPDATE 1
UPDATE 1
UPDATE 1
UPDATE 1
UPDATE 1
UPDATE 1
UPDATE 1
UPDATE 1
UPDATE 1
UPDATE 1
UPDATE 1
UPDATE 1
UPDATE 1
UPDATE 1
UPDATE 1
UPDATE 1
UPDATE 1
UPDATE 1
UPDATE 1
UPDATE 1
UPDATE 1
UPDATE 1
UPDATE 1
UPDATE 1
UPDATE 1
UPDATE 1
UPDATE 1
UPDATE 1
UPDATE 1
UPDATE 1
UPDATE 1
UPDATE 1
UPDATE 1
UPDATE 1
UPDATE 1
UPDATE 1
UPDATE 1
UPDATE 1
UPDATE 1
UPDATE 1
UPDATE 1
UPDATE 1
UPDATE 1
UPDATE 1
UPDATE 1
UPDATE 1
UPDATE 1
UPDATE 1
UPDATE 1
UPDATE 1
UPDATE 1
UPDATE 1
UPDATE 1
UPDATE 1
UPDATE 1
UPDATE 1
UPDATE 1
UPDATE 1
UPDATE 1
UPDATE 1
UPDATE 1
UPDATE 1
UPDATE 1
UPDATE 1
UPDATE 1
UPDATE 1
UPDATE 1
UPDATE 1
UPDATE 1
UPDATE 1
UPDATE 1
UPDATE 1
UPDATE 1
UPDATE 1
UPDATE 1
UPDATE 1
UPDATE 1
UPDATE 1
UPDATE 1
UPDATE 1
UPDATE 1
UPDATE 1
UPDATE 1
UPDATE 1
UPDATE 1
UPDATE 1
UPDATE 1
UPDATE 1
UPDATE 1
UPDATE 1
UPDATE 1
UPDATE 1
UPDATE 1
UPDATE 1
UPDATE 1
UPDATE 1
UPDATE 1
UPDATE 1
UPDATE 1
UPDATE 1
UPDATE 1
UPDATE 1
UPDATE 1
UPDATE 1
UPDATE 1
UPDATE 1
UPDATE 1
UPDATE 1
UPDATE 1
UPDATE 1
UPDATE 1
UPDATE 1
UPDATE 1
UPDATE 1
UPDATE 1
UPDATE 1
UPDATE 1
UPDATE 1
UPDATE 1
UPDATE 1
UPDATE 1
UPDATE 1
UPDATE 1
UPDATE 1
UPDATE 1
UPDATE 1
UPDATE 1
UPDATE 1
UPDATE 1
UPDATE 1
UPDATE 1
UPDATE 1
UPDATE 1
UPDATE 1
UPDATE 1
UPDATE 1
UPDATE 1
UPDATE 1
UPDATE 1
UPDATE 1
UPDATE 1
UPDATE 1
UPDATE 1
UPDATE 1
UPDATE 1
UPDATE 1
UPDATE 1
UPDATE 1
UPDATE 1
UPDATE 1
UPDATE 1
UPDATE 1
UPDATE 1
UPDATE 1
UPDATE 1
UPDATE 1
UPDATE 1
UPDATE 1
UPDATE 1
UPDATE 1
UPDATE 1
UPDATE 1
UPDATE 1
UPDATE 1
UPDATE 1
UPDATE 1
UPDATE 1
UPDATE 1
UPDATE 1
UPDATE 1
UPDATE 1
UPDATE 1
UPDATE 1
UPDATE 1
UPDATE 1
UPDATE 1
UPDATE 1
UPDATE 1
UPDATE 1
UPDATE 1
UPDATE 1
UPDATE 1
UPDATE 1
UPDATE 1
UPDATE 1
UPDATE 1
UPDATE 1
UPDATE 1
UPDATE 1
UPDATE 1
UPDATE 1
UPDATE 1
UPDATE 1
UPDATE 1
UPDATE 1
UPDATE 1
UPDATE 1
UPDATE 1
UPDATE 1
UPDATE 1
UPDATE 1
UPDATE 1
UPDATE 1
UPDATE 1
UPDATE 1
UPDATE 1
UPDATE 1
UPDATE 1
UPDATE 1
UPDATE 1
UPDATE 1
UPDATE 1
UPDATE 1
UPDATE 1
UPDATE 1
UPDATE 1
UPDATE 1
UPDATE 1
UPDATE 1
UPDATE 1
UPDATE 1
UPDATE 1
UPDATE 1
UPDATE 1
UPDATE 1
UPDATE 1
UPDATE 1
UPDATE 1
UPDATE 1
UPDATE 1
UPDATE 1
UPDATE 1
UPDATE 1
UPDATE 1
UPDATE 1
UPDATE 1
UPDATE 1
UPDATE 1
UPDATE 1
UPDATE 1
UPDATE 1
UPDATE 1
UPDATE 1
UPDATE 1
UPDATE 1
UPDATE 1
UPDATE 1
UPDATE 1
UPDATE 1
UPDATE 1
UPDATE 1
UPDATE 1
UPDATE 1
UPDATE 1
UPDATE 1
UPDATE 1
UPDATE 1
UPDATE 1
UPDATE 1
UPDATE 1
UPDATE 1
UPDATE 1
UPDATE 1
UPDATE 1
UPDATE 1
UPDATE 1
UPDATE 1
UPDATE 1
UPDATE 1
UPDATE 1
UPDATE 1
UPDATE 1
UPDATE 1
UPDATE 1
UPDATE 1
UPDATE 1
UPDATE 1
UPDATE 1
UPDATE 1
UPDATE 1
UPDATE 1
UPDATE 1
UPDATE 1
UPDATE 1
UPDATE 1
UPDATE 1
UPDATE 1
UPDATE 1
UPDATE 1
UPDATE 1
UPDATE 1
UPDATE 1
UPDATE 1
UPDATE 1
UPDATE 1
UPDATE 1
UPDATE 1
UPDATE 1
UPDATE 1
UPDATE 1
UPDATE 1
UPDATE 1
UPDATE 1
UPDATE 1
UPDATE 1
UPDATE 1
UPDATE 1
UPDATE 1
UPDATE 1
UPDATE 1
UPDATE 1
UPDATE 1
UPDATE 1
UPDATE 1
UPDATE 1
UPDATE 1
UPDATE 1
UPDATE 1
UPDATE 1
UPDATE 1
UPDATE 1
UPDATE 1
UPDATE 1
UPDATE 1
UPDATE 1
UPDATE 1
UPDATE 1
UPDATE 1
UPDATE 1
UPDATE 1
UPDATE 1
UPDATE 1
UPDATE 1
UPDATE 1
UPDATE 1
UPDATE 1
UPDATE 1
UPDATE 1
UPDATE 1
UPDATE 1
UPDATE 1
UPDATE 1
UPDATE 1
UPDATE 1
UPDATE 1
UPDATE 1
UPDATE 1
UPDATE 1
UPDATE 1
UPDATE 1
UPDATE 1
UPDATE 1
UPDATE 1
UPDATE 1
UPDATE 1
UPDATE 1
UPDATE 1
UPDATE 1
UPDATE 1
UPDATE 1
UPDATE 1
UPDATE 1
UPDATE 1
UPDATE 1
UPDATE 1
UPDATE 1
UPDATE 1
UPDATE 1
UPDATE 1
UPDATE 1
UPDATE 1
UPDATE 1
UPDATE 1
UPDATE 1
UPDATE 1
UPDATE 1
UPDATE 1
UPDATE 1
UPDATE 1
UPDATE 1
UPDATE 1
UPDATE 1
UPDATE 1
UPDATE 1
UPDATE 1
UPDATE 1
UPDATE 1
UPDATE 1
UPDATE 1
UPDATE 1
UPDATE 1
UPDATE 1
UPDATE 1
UPDATE 1
UPDATE 1
UPDATE 1
UPDATE 1
UPDATE 1
UPDATE 1
UPDATE 1
UPDATE 1
UPDATE 1
UPDATE 1
UPDATE 1
UPDATE 1
UPDATE 1
UPDATE 1
UPDATE 1
UPDATE 1
UPDATE 1
UPDATE 1
UPDATE 1
UPDATE 1
UPDATE 1
UPDATE 1
UPDATE 1
UPDATE 1
UPDATE 1
UPDATE 1
UPDATE 1
UPDATE 1
UPDATE 1
UPDATE 1
UPDATE 1
UPDATE 1
UPDATE 1
UPDATE 1
UPDATE 1
UPDATE 1
UPDATE 1
UPDATE 1
UPDATE 1
UPDATE 1
UPDATE 1
UPDATE 1
UPDATE 1
UPDATE 1
UPDATE 1
UPDATE 1
UPDATE 1
UPDATE 1
UPDATE 1
UPDATE 1
UPDATE 1
UPDATE 1
UPDATE 1
UPDATE 1
UPDATE 1
UPDATE 1
UPDATE 1
UPDATE 1
UPDATE 1
UPDATE 1
UPDATE 1
UPDATE 1
UPDATE 1
UPDATE 1
UPDATE 1
UPDATE 1
UPDATE 1
UPDATE 1
UPDATE 1
UPDATE 1
UPDATE 1
UPDATE 1
UPDATE 1
UPDATE 1
UPDATE 1
UPDATE 1
UPDATE 1
UPDATE 1
UPDATE 1
UPDATE 1
UPDATE 1
UPDATE 1
UPDATE 1
UPDATE 1
UPDATE 1
UPDATE 1
UPDATE 1
UPDATE 1
UPDATE 1
UPDATE 1
UPDATE 1
UPDATE 1
UPDATE 1
UPDATE 1
UPDATE 1
UPDATE 1
UPDATE 1
UPDATE 1
UPDATE 1
UPDATE 1
UPDATE 1
UPDATE 1
UPDATE 1
UPDATE 1
UPDATE 1
UPDATE 1
UPDATE 1
UPDATE 1
UPDATE 1
UPDATE 1
UPDATE 1
UPDATE 1
UPDATE 1
UPDATE 1
UPDATE 1
UPDATE 1
UPDATE 1
UPDATE 1
UPDATE 1
UPDATE 1
UPDATE 1
UPDATE 1
UPDATE 1
UPDATE 1
UPDATE 1
UPDATE 1
UPDATE 1
UPDATE 1
UPDATE 1
UPDATE 1
UPDATE 1
UPDATE 1
UPDATE 1
UPDATE 1
UPDATE 1
UPDATE 1
UPDATE 1
UPDATE 1
UPDATE 1
UPDATE 1
UPDATE 1
UPDATE 1
UPDATE 1
UPDATE 1
UPDATE 1
UPDATE 1
UPDATE 1
UPDATE 1
UPDATE 1
UPDATE 1
UPDATE 1
UPDATE 1
UPDATE 1
UPDATE 1
UPDATE 1
UPDATE 1
UPDATE 1
UPDATE 1
UPDATE 1
UPDATE 1
UPDATE 1
UPDATE 1
UPDATE 1
UPDATE 1
UPDATE 1
UPDATE 1
UPDATE 1
UPDATE 1
UPDATE 1
UPDATE 1
UPDATE 1
UPDATE 1
UPDATE 1
UPDATE 1
UPDATE 1
UPDATE 1
UPDATE 1
UPDATE 1
UPDATE 1
UPDATE 1
UPDATE 1
UPDATE 1
UPDATE 1
UPDATE 1
UPDATE 1
UPDATE 1
UPDATE 1
UPDATE 1
UPDATE 1
UPDATE 1
UPDATE 1
UPDATE 1
UPDATE 1
UPDATE 1
UPDATE 1
UPDATE 1
UPDATE 1
UPDATE 1
UPDATE 1
UPDATE 1
UPDATE 1
UPDATE 1
UPDATE 1
UPDATE 1
UPDATE 1
UPDATE 1
UPDATE 1
UPDATE 1
UPDATE 1
UPDATE 1
UPDATE 1
UPDATE 1
UPDATE 1
UPDATE 1
UPDATE 1
UPDATE 1
UPDATE 1
UPDATE 1
UPDATE 1
UPDATE 1
UPDATE 1
UPDATE 1
UPDATE 1
UPDATE 1
UPDATE 1
UPDATE 1
UPDATE 1
UPDATE 1
UPDATE 1
UPDATE 1
UPDATE 1
UPDATE 1
UPDATE 1
UPDATE 1
UPDATE 1
UPDATE 1
UPDATE 1
UPDATE 1
UPDATE 1
UPDATE 1
UPDATE 1
UPDATE 1
UPDATE 1
UPDATE 1
UPDATE 1
UPDATE 1
UPDATE 1
UPDATE 1
UPDATE 1
UPDATE 1
UPDATE 1
UPDATE 1
UPDATE 1
UPDATE 1
UPDATE 1
UPDATE 1
UPDATE 1
UPDATE 1
UPDATE 1
UPDATE 1
UPDATE 1
UPDATE 1
UPDATE 1
UPDATE 1
UPDATE 1
UPDATE 1
UPDATE 1
UPDATE 1
UPDATE 1
UPDATE 1
UPDATE 1
UPDATE 1
UPDATE 1
UPDATE 1
UPDATE 1
UPDATE 1
UPDATE 1
UPDATE 1
UPDATE 1
UPDATE 1
UPDATE 1
UPDATE 1
UPDATE 1
UPDATE 1
UPDATE 1
UPDATE 1
UPDATE 1
UPDATE 1
UPDATE 1
UPDATE 1
UPDATE 1
UPDATE 1
UPDATE 1
UPDATE 1
UPDATE 1
UPDATE 1
UPDATE 1
UPDATE 1
UPDATE 1
UPDATE 1
UPDATE 1
UPDATE 1
UPDATE 1
UPDATE 1
UPDATE 1
UPDATE 1
UPDATE 1
UPDATE 1
UPDATE 1
UPDATE 1
UPDATE 1
UPDATE 1
UPDATE 1
UPDATE 1
UPDATE 1
UPDATE 1
UPDATE 1
UPDATE 1
UPDATE 1
UPDATE 1
UPDATE 1
UPDATE 1
UPDATE 1
UPDATE 1
UPDATE 1
UPDATE 1
UPDATE 1
UPDATE 1
UPDATE 1
UPDATE 1
UPDATE 1
UPDATE 1
UPDATE 1
UPDATE 1
UPDATE 1
UPDATE 1
UPDATE 1
UPDATE 1
UPDATE 1
UPDATE 1
UPDATE 1
UPDATE 1
UPDATE 1
UPDATE 1
UPDATE 1
UPDATE 1
UPDATE 1
UPDATE 1
UPDATE 1
UPDATE 1
UPDATE 1
UPDATE 1
UPDATE 1
UPDATE 1
UPDATE 1
UPDATE 1
UPDATE 1
UPDATE 1
UPDATE 1
UPDATE 1
UPDATE 1
UPDATE 1
UPDATE 1
UPDATE 1
UPDATE 1
UPDATE 1
UPDATE 1
UPDATE 1
UPDATE 1
UPDATE 1
UPDATE 1
UPDATE 1
UPDATE 1
UPDATE 1
UPDATE 1
UPDATE 1
UPDATE 1
UPDATE 1
UPDATE 1
UPDATE 1
UPDATE 1
UPDATE 1
UPDATE 1
UPDATE 1
UPDATE 1
UPDATE 1
UPDATE 1
UPDATE 1
UPDATE 1
UPDATE 1
UPDATE 1
UPDATE 1
UPDATE 1
UPDATE 1
UPDATE 1
UPDATE 1
UPDATE 1
UPDATE 1
UPDATE 1
UPDATE 1
UPDATE 1
UPDATE 1
UPDATE 1
UPDATE 1
UPDATE 1
UPDATE 1
UPDATE 1
UPDATE 1
UPDATE 1
UPDATE 1
UPDATE 1
UPDATE 1
UPDATE 1
UPDATE 1
UPDATE 1
UPDATE 1
UPDATE 1
UPDATE 1
UPDATE 1
UPDATE 1
UPDATE 1
UPDATE 1
UPDATE 1
UPDATE 1
UPDATE 1
UPDATE 1
UPDATE 1
UPDATE 1
UPDATE 1
UPDATE 1
UPDATE 1
UPDATE 1
UPDATE 1
UPDATE 1
UPDATE 1
UPDATE 1
UPDATE 1
UPDATE 1
UPDATE 1
UPDATE 1
UPDATE 1
UPDATE 1
UPDATE 1
UPDATE 1
UPDATE 1
UPDATE 1
UPDATE 1
UPDATE 1
UPDATE 1
UPDATE 1
UPDATE 1
UPDATE 1
UPDATE 1
UPDATE 1
UPDATE 1
UPDATE 1
UPDATE 1
UPDATE 1
UPDATE 1
UPDATE 1
UPDATE 1
UPDATE 1
UPDATE 1
UPDATE 1
UPDATE 1
UPDATE 1
UPDATE 1
UPDATE 1
UPDATE 1
UPDATE 1
UPDATE 1
UPDATE 1
UPDATE 1
UPDATE 1
UPDATE 1
UPDATE 1
UPDATE 1
UPDATE 1
UPDATE 1
UPDATE 1
UPDATE 1
UPDATE 1
UPDATE 1
UPDATE 1
UPDATE 1
UPDATE 1
UPDATE 1
UPDATE 1
UPDATE 1
UPDATE 1
UPDATE 1
UPDATE 1
UPDATE 1
UPDATE 1
UPDATE 1
UPDATE 1
UPDATE 1
UPDATE 1
UPDATE 1
UPDATE 1
UPDATE 1
UPDATE 1
UPDATE 1
UPDATE 1
UPDATE 1
UPDATE 1
UPDATE 1
UPDATE 1
UPDATE 1
UPDATE 1
UPDATE 1
UPDATE 1
UPDATE 1
UPDATE 1
UPDATE 1
UPDATE 1
UPDATE 1
UPDATE 1
UPDATE 1
UPDATE 1
UPDATE 1
UPDATE 1
UPDATE 1
UPDATE 1
UPDATE 1
UPDATE 1
UPDATE 1
UPDATE 1
UPDATE 1
UPDATE 1
UPDATE 1
UPDATE 1
UPDATE 1
UPDATE 1
UPDATE 1
UPDATE 1
UPDATE 1
UPDATE 1
UPDATE 1
UPDATE 1
UPDATE 1
UPDATE 1
UPDATE 1
UPDATE 1
UPDATE 1
UPDATE 1
UPDATE 1
UPDATE 1
UPDATE 1
UPDATE 1
UPDATE 1
UPDATE 1
UPDATE 1
UPDATE 1
UPDATE 1
UPDATE 1
UPDATE 1
UPDATE 1
UPDATE 1
UPDATE 1
UPDATE 1
UPDATE 1
UPDATE 1
UPDATE 1
UPDATE 1
UPDATE 1
UPDATE 1
UPDATE 1
UPDATE 1
UPDATE 1
UPDATE 1
UPDATE 1
UPDATE 1
UPDATE 1
UPDATE 1
UPDATE 1
UPDATE 1
UPDATE 1
UPDATE 1
UPDATE 1
UPDATE 1
UPDATE 1
UPDATE 1
UPDATE 1
UPDATE 1
UPDATE 1
UPDATE 1
UPDATE 1
UPDATE 1
UPDATE 1
UPDATE 1
UPDATE 1
UPDATE 1
UPDATE 1
UPDATE 1
UPDATE 1
UPDATE 1
UPDATE 1
UPDATE 1
UPDATE 1
UPDATE 1
UPDATE 1
UPDATE 1
UPDATE 1
UPDATE 1
UPDATE 1
UPDATE 1
UPDATE 1
UPDATE 1
UPDATE 1
UPDATE 1
UPDATE 1
UPDATE 1
UPDATE 1
UPDATE 1
UPDATE 1
UPDATE 1
UPDATE 1
UPDATE 1
UPDATE 1
UPDATE 1
ALTER TABLE
ALTER TABLE
ALTER TABLE
ALTER TABLE
ALTER TABLE
ALTER TABLE
ALTER TABLE
ALTER TABLE
ALTER TABLE
ALTER TABLE
ALTER TABLE
ALTER TABLE
ALTER TABLE
ALTER TABLE
ALTER TABLE
ALTER TABLE
ALTER TABLE
ALTER TABLE
ALTER TABLE
ALTER TABLE
ALTER TABLE
ALTER TABLE
ALTER TABLE
ALTER TABLE
ALTER TABLE
ALTER TABLE
ALTER TABLE
ALTER TABLE
ALTER TABLE
ALTER TABLE
ALTER TABLE
ALTER TABLE
ALTER TABLE
ALTER TABLE
ALTER TABLE
ALTER TABLE
ALTER TABLE
ALTER TABLE
ALTER TABLE
ALTER TABLE
ALTER TABLE
ALTER TABLE
ALTER TABLE
ALTER TABLE
ALTER TABLE
ALTER TABLE
ALTER TABLE
ALTER TABLE
ALTER TABLE
ALTER TABLE
ALTER TABLE
ALTER TABLE
ALTER TABLE
ALTER TABLE
ALTER TABLE
ALTER TABLE
ALTER TABLE
ALTER TABLE
ALTER TABLE
ALTER TABLE
ALTER TABLE
ALTER TABLE
ALTER TABLE
ALTER TABLE
ALTER TABLE
ALTER TABLE
ALTER TABLE
ALTER TABLE
ALTER TABLE
ALTER TABLE
ALTER TABLE
ALTER TABLE
ALTER TABLE
ALTER TABLE
ALTER TABLE
ALTER TABLE
ALTER TABLE
ALTER TABLE
ALTER TABLE
ALTER TABLE
ALTER TABLE
ALTER TABLE
ALTER TABLE
ALTER TABLE
ALTER TABLE
ALTER TABLE
ALTER TABLE
ALTER TABLE
ALTER TABLE
ALTER TABLE
ALTER TABLE
ALTER TABLE
ALTER TABLE
ALTER TABLE
ALTER TABLE
ALTER TABLE
ALTER TABLE
ALTER TABLE
ALTER TABLE
ALTER TABLE
ALTER TABLE
ALTER TABLE
ALTER TABLE
ALTER TABLE
ALTER TABLE
ALTER TABLE
ALTER TABLE
ALTER TABLE
ALTER TABLE
ALTER TABLE
ALTER TABLE
ALTER TABLE
                     register_migration_script                     
-------------------------------------------------------------------
 201312111745_IDEMPIERE-1132_OfficialFKeys.sql was already applied
 201312111745_IDEMPIERE-1132_OfficialFKeys.sql was already applied
(2 filas)

            filename             
---------------------------------
 201312131400_Ticket_1003579.sql
(1 fila)

UPDATE 1
              register_migration_script              
-----------------------------------------------------
 201312131400_Ticket_1003579.sql was already applied
 201312131400_Ticket_1003579.sql was already applied
(2 filas)

            filename             
---------------------------------
 201312131644_IDEMPIERE-1597.sql
(1 fila)

              register_migration_script              
-----------------------------------------------------
 201312131644_IDEMPIERE-1597.sql was already applied
 201312131644_IDEMPIERE-1597.sql was already applied
(2 filas)

            filename             
---------------------------------
 201312161956_IDEMPIERE-1480.sql
(1 fila)

UPDATE 1
UPDATE 1
UPDATE 1
UPDATE 1
UPDATE 1
UPDATE 1
UPDATE 1
UPDATE 1
UPDATE 1
UPDATE 1
UPDATE 1
UPDATE 1
UPDATE 1
UPDATE 1
UPDATE 1
UPDATE 1
UPDATE 1
UPDATE 1
UPDATE 1
UPDATE 1
UPDATE 1
UPDATE 1
UPDATE 1
UPDATE 1
UPDATE 1
UPDATE 1
UPDATE 1
UPDATE 1
UPDATE 1
UPDATE 1
UPDATE 1
UPDATE 1
UPDATE 1
UPDATE 1
              register_migration_script              
-----------------------------------------------------
 201312161956_IDEMPIERE-1480.sql was already applied
 201312161956_IDEMPIERE-1480.sql was already applied
(2 filas)

            filename             
---------------------------------
 201312171107_IDEMPIERE-1603.sql
(1 fila)

              register_migration_script              
-----------------------------------------------------
 201312171107_IDEMPIERE-1603.sql was already applied
 201312171107_IDEMPIERE-1603.sql was already applied
(2 filas)

            filename             
---------------------------------
 201312260552_IDEMPIERE-1644.sql
(1 fila)

UPDATE 1
 altercolumn 
-------------
 
(1 fila)

INSERT 0 0
              register_migration_script              
-----------------------------------------------------
 201312260552_IDEMPIERE-1644.sql was already applied
 201312260552_IDEMPIERE-1644.sql was already applied
(2 filas)

            filename            
--------------------------------
 201401020938_GWPeriods2014.sql
(1 fila)

             register_migration_script              
----------------------------------------------------
 201401020938_GWPeriods2014.sql was already applied
 201401020938_GWPeriods2014.sql was already applied
(2 filas)

            filename             
---------------------------------
 201401161604_IDEMPIERE-1693.sql
(1 fila)

              register_migration_script              
-----------------------------------------------------
 201401161604_IDEMPIERE-1693.sql was already applied
 201401161604_IDEMPIERE-1693.sql was already applied
(2 filas)

         filename         
--------------------------
 201401231413_1003322.sql
(1 fila)

UPDATE 1
          register_migration_script           
----------------------------------------------
 201401231413_1003322.sql was already applied
 201401231413_1003322.sql was already applied
(2 filas)

            filename             
---------------------------------
 201402071531_IDEMPIERE-1732.sql
(1 fila)

              register_migration_script              
-----------------------------------------------------
 201402071531_IDEMPIERE-1732.sql was already applied
 201402071531_IDEMPIERE-1732.sql was already applied
(2 filas)

            filename             
---------------------------------
 201402101604-IDEMPIERE-1712.sql
(1 fila)

UPDATE 1
              register_migration_script              
-----------------------------------------------------
 201402101604-IDEMPIERE-1712.sql was already applied
 201402101604-IDEMPIERE-1712.sql was already applied
(2 filas)

            filename             
---------------------------------
 201402111604-IDEMPIERE-1606.sql
(1 fila)

              register_migration_script              
-----------------------------------------------------
 201402111604-IDEMPIERE-1606.sql was already applied
 201402111604-IDEMPIERE-1606.sql was already applied
(2 filas)

            filename             
---------------------------------
 201402111757_IDEMPIERE-1724.sql
(1 fila)

UPDATE 1
              register_migration_script              
-----------------------------------------------------
 201402111757_IDEMPIERE-1724.sql was already applied
 201402111757_IDEMPIERE-1724.sql was already applied
(2 filas)

            filename             
---------------------------------
 201402121237_IDEMPIERE-1750.sql
(1 fila)

UPDATE 1
UPDATE 1
UPDATE 1
UPDATE 1
UPDATE 1
UPDATE 1
UPDATE 1
UPDATE 1
UPDATE 1
UPDATE 1
UPDATE 1
UPDATE 1
UPDATE 1
UPDATE 1
UPDATE 1
UPDATE 1
UPDATE 1
UPDATE 1
UPDATE 1
UPDATE 0
UPDATE 0
UPDATE 0
UPDATE 0
UPDATE 0
UPDATE 1
              register_migration_script              
-----------------------------------------------------
 201402121237_IDEMPIERE-1750.sql was already applied
 201402121237_IDEMPIERE-1750.sql was already applied
(2 filas)

            filename            
--------------------------------
 201402131153_IDEMPIERE-362.sql
(1 fila)

UPDATE 1
UPDATE 1
UPDATE 1
UPDATE 1
UPDATE 1
UPDATE 1
             register_migration_script              
----------------------------------------------------
 201402131153_IDEMPIERE-362.sql was already applied
 201402131153_IDEMPIERE-362.sql was already applied
(2 filas)

            filename             
---------------------------------
 201402131154_IDEMPIERE-1598.sql
(1 fila)

UPDATE 1
              register_migration_script              
-----------------------------------------------------
 201402131154_IDEMPIERE-1598.sql was already applied
 201402131154_IDEMPIERE-1598.sql was already applied
(2 filas)

            filename             
---------------------------------
 201402151138_IDEMPIERE-1755.sql
(1 fila)

UPDATE 1
UPDATE 1
UPDATE 1
UPDATE 1
UPDATE 1
UPDATE 1
UPDATE 1
UPDATE 1
UPDATE 1
UPDATE 1
UPDATE 1
UPDATE 1
              register_migration_script              
-----------------------------------------------------
 201402151138_IDEMPIERE-1755.sql was already applied
 201402151138_IDEMPIERE-1755.sql was already applied
(2 filas)

            filename             
---------------------------------
 201402171130_IDEMPIERE-1599.sql
(1 fila)

UPDATE 1
UPDATE 51
UPDATE 0
UPDATE 3
UPDATE 0
UPDATE 56
UPDATE 8
UPDATE 1
UPDATE 51
UPDATE 0
UPDATE 3
UPDATE 0
UPDATE 56
UPDATE 8
UPDATE 1
UPDATE 10
UPDATE 0
UPDATE 0
UPDATE 0
UPDATE 7
UPDATE 0
UPDATE 1
UPDATE 10
UPDATE 0
UPDATE 0
UPDATE 0
UPDATE 7
UPDATE 0
UPDATE 1
UPDATE 1
UPDATE 0
UPDATE 0
UPDATE 0
UPDATE 1
UPDATE 0
UPDATE 1
UPDATE 1
UPDATE 0
UPDATE 0
UPDATE 0
UPDATE 1
UPDATE 0
UPDATE 1
UPDATE 1
UPDATE 0
UPDATE 0
UPDATE 0
UPDATE 1
UPDATE 0
UPDATE 1
UPDATE 1
UPDATE 0
UPDATE 0
UPDATE 0
UPDATE 1
UPDATE 0
UPDATE 1
UPDATE 8
UPDATE 1
UPDATE 8
              register_migration_script              
-----------------------------------------------------
 201402171130_IDEMPIERE-1599.sql was already applied
 201402171130_IDEMPIERE-1599.sql was already applied
(2 filas)

            filename             
---------------------------------
 201402182258_IDEMPIERE-1265.sql
(1 fila)

UPDATE 1
              register_migration_script              
-----------------------------------------------------
 201402182258_IDEMPIERE-1265.sql was already applied
 201402182258_IDEMPIERE-1265.sql was already applied
(2 filas)

            filename             
---------------------------------
 201402260912_IDEMPIERE-1613.sql
(1 fila)

UPDATE 1
              register_migration_script              
-----------------------------------------------------
 201402260912_IDEMPIERE-1613.sql was already applied
 201402260912_IDEMPIERE-1613.sql was already applied
(2 filas)

            filename             
---------------------------------
 201402261230_IDEMPIERE-1599.sql
(1 fila)

UPDATE 1
UPDATE 1
UPDATE 1
UPDATE 1
UPDATE 1
UPDATE 1
UPDATE 1
UPDATE 1
UPDATE 1
UPDATE 1
UPDATE 1
              register_migration_script              
-----------------------------------------------------
 201402261230_IDEMPIERE-1599.sql was already applied
 201402261230_IDEMPIERE-1599.sql was already applied
(2 filas)

           filename            
-------------------------------
 201403072215_IDEMPIERE-85.sql
(1 fila)

             register_migration_script             
---------------------------------------------------
 201403072215_IDEMPIERE-85.sql was already applied
 201403072215_IDEMPIERE-85.sql was already applied
(2 filas)

            filename             
---------------------------------
 201403122133_IDEMPIERE-1144.sql
(1 fila)

CREATE VIEW
              register_migration_script              
-----------------------------------------------------
 201403122133_IDEMPIERE-1144.sql was already applied
 201403122133_IDEMPIERE-1144.sql was already applied
(2 filas)

            filename             
---------------------------------
 201403122207-IDEMPIERE-1646.sql
(1 fila)

UPDATE 1
UPDATE 1
UPDATE 1
UPDATE 1
              register_migration_script              
-----------------------------------------------------
 201403122207-IDEMPIERE-1646.sql was already applied
 201403122207-IDEMPIERE-1646.sql was already applied
(2 filas)

            filename             
---------------------------------
 201403131604_IDEMPIERE-1742.sql
(1 fila)

UPDATE 1
              register_migration_script              
-----------------------------------------------------
 201403131604_IDEMPIERE-1742.sql was already applied
 201403131604_IDEMPIERE-1742.sql was already applied
(2 filas)

            filename             
---------------------------------
 201403161604_IDEMPIERE-1619.sql
(1 fila)

UPDATE 1
UPDATE 1
UPDATE 1
              register_migration_script              
-----------------------------------------------------
 201403161604_IDEMPIERE-1619.sql was already applied
 201403161604_IDEMPIERE-1619.sql was already applied
(2 filas)

            filename             
---------------------------------
 201403242011_IDEMPIERE-1852.sql
(1 fila)

              register_migration_script              
-----------------------------------------------------
 201403242011_IDEMPIERE-1852.sql was already applied
 201403242011_IDEMPIERE-1852.sql was already applied
(2 filas)

            filename             
---------------------------------
 201403301851_IDEMPIERE-1864.sql
(1 fila)

UPDATE 1
              register_migration_script              
-----------------------------------------------------
 201403301851_IDEMPIERE-1864.sql was already applied
 201403301851_IDEMPIERE-1864.sql was already applied
(2 filas)

            filename             
---------------------------------
 201404020823_IDEMPIERE-1834.sql
(1 fila)

UPDATE 1
UPDATE 1
              register_migration_script              
-----------------------------------------------------
 201404020823_IDEMPIERE-1834.sql was already applied
 201404020823_IDEMPIERE-1834.sql was already applied
(2 filas)

            filename             
---------------------------------
 201404021038_IDEMPIERE-1717.sql
(1 fila)

              register_migration_script              
-----------------------------------------------------
 201404021038_IDEMPIERE-1717.sql was already applied
 201404021038_IDEMPIERE-1717.sql was already applied
(2 filas)

            filename             
---------------------------------
 201404021448_IDEMPIERE-1216.sql
(1 fila)

UPDATE 1
 altercolumn 
-------------
 
(1 fila)

INSERT 0 0
              register_migration_script              
-----------------------------------------------------
 201404021448_IDEMPIERE-1216.sql was already applied
 201404021448_IDEMPIERE-1216.sql was already applied
(2 filas)

            filename             
---------------------------------
 201404071427_IDEMPIERE-1853.sql
(1 fila)

UPDATE 1
 altercolumn 
-------------
 
(1 fila)

INSERT 0 0
 altercolumn 
-------------
 
(1 fila)

INSERT 0 0
ALTER TABLE
ALTER TABLE
UPDATE 1
 altercolumn 
-------------
 
(1 fila)

INSERT 0 0
 altercolumn 
-------------
 
(1 fila)

INSERT 0 0
ALTER TABLE
ALTER TABLE
UPDATE 1
 altercolumn 
-------------
 
(1 fila)

INSERT 0 0
 altercolumn 
-------------
 
(1 fila)

INSERT 0 0
ALTER TABLE
ALTER TABLE
UPDATE 1
 altercolumn 
-------------
 
(1 fila)

INSERT 0 0
 altercolumn 
-------------
 
(1 fila)

INSERT 0 0
ALTER TABLE
ALTER TABLE
UPDATE 1
 altercolumn 
-------------
 
(1 fila)

INSERT 0 0
 altercolumn 
-------------
 
(1 fila)

INSERT 0 0
ALTER TABLE
ALTER TABLE
UPDATE 1
 altercolumn 
-------------
 
(1 fila)

INSERT 0 0
 altercolumn 
-------------
 
(1 fila)

INSERT 0 0
ALTER TABLE
ALTER TABLE
UPDATE 1
 altercolumn 
-------------
 
(1 fila)

INSERT 0 0
 altercolumn 
-------------
 
(1 fila)

INSERT 0 0
ALTER TABLE
ALTER TABLE
UPDATE 1
 altercolumn 
-------------
 
(1 fila)

INSERT 0 0
 altercolumn 
-------------
 
(1 fila)

INSERT 0 0
ALTER TABLE
ALTER TABLE
              register_migration_script              
-----------------------------------------------------
 201404071427_IDEMPIERE-1853.sql was already applied
 201404071427_IDEMPIERE-1853.sql was already applied
(2 filas)

            filename             
---------------------------------
 201404081520_IDEMPIERE-1891.sql
(1 fila)

              register_migration_script              
-----------------------------------------------------
 201404081520_IDEMPIERE-1891.sql was already applied
 201404081520_IDEMPIERE-1891.sql was already applied
(2 filas)

            filename             
---------------------------------
 201404111058_IDEMPIERE-1877.sql
(1 fila)

UPDATE 1
UPDATE 1
              register_migration_script              
-----------------------------------------------------
 201404111058_IDEMPIERE-1877.sql was already applied
 201404111058_IDEMPIERE-1877.sql was already applied
(2 filas)

            filename            
--------------------------------
 201404171500_IDEMPIERE-709.sql
(1 fila)

UPDATE 0
ALTER TABLE
UPDATE 0
ALTER TABLE
UPDATE 0
ALTER TABLE
UPDATE 0
ALTER TABLE
UPDATE 0
ALTER TABLE
UPDATE 0
ALTER TABLE
UPDATE 0
ALTER TABLE
UPDATE 0
ALTER TABLE
UPDATE 0
ALTER TABLE
UPDATE 0
ALTER TABLE
UPDATE 0
ALTER TABLE
UPDATE 0
ALTER TABLE
UPDATE 0
ALTER TABLE
UPDATE 0
ALTER TABLE
UPDATE 0
ALTER TABLE
UPDATE 0
ALTER TABLE
UPDATE 0
ALTER TABLE
UPDATE 0
ALTER TABLE
UPDATE 0
ALTER TABLE
UPDATE 0
ALTER TABLE
UPDATE 0
ALTER TABLE
UPDATE 0
ALTER TABLE
UPDATE 0
ALTER TABLE
UPDATE 0
ALTER TABLE
UPDATE 0
ALTER TABLE
UPDATE 0
ALTER TABLE
UPDATE 0
ALTER TABLE
UPDATE 0
ALTER TABLE
UPDATE 0
ALTER TABLE
UPDATE 0
ALTER TABLE
UPDATE 0
ALTER TABLE
UPDATE 0
ALTER TABLE
UPDATE 0
ALTER TABLE
UPDATE 0
ALTER TABLE
UPDATE 0
ALTER TABLE
UPDATE 0
ALTER TABLE
UPDATE 0
ALTER TABLE
UPDATE 0
ALTER TABLE
UPDATE 0
ALTER TABLE
UPDATE 0
ALTER TABLE
UPDATE 0
ALTER TABLE
UPDATE 0
ALTER TABLE
UPDATE 0
ALTER TABLE
UPDATE 0
ALTER TABLE
UPDATE 0
ALTER TABLE
UPDATE 0
ALTER TABLE
UPDATE 0
ALTER TABLE
UPDATE 0
ALTER TABLE
UPDATE 0
ALTER TABLE
UPDATE 0
ALTER TABLE
UPDATE 0
ALTER TABLE
UPDATE 0
ALTER TABLE
UPDATE 0
ALTER TABLE
UPDATE 0
ALTER TABLE
UPDATE 0
ALTER TABLE
UPDATE 0
ALTER TABLE
UPDATE 0
ALTER TABLE
UPDATE 0
ALTER TABLE
UPDATE 0
ALTER TABLE
UPDATE 0
ALTER TABLE
UPDATE 0
ALTER TABLE
UPDATE 0
ALTER TABLE
UPDATE 0
ALTER TABLE
UPDATE 0
ALTER TABLE
UPDATE 0
ALTER TABLE
UPDATE 0
ALTER TABLE
UPDATE 0
ALTER TABLE
UPDATE 0
ALTER TABLE
UPDATE 0
ALTER TABLE
UPDATE 0
ALTER TABLE
UPDATE 0
ALTER TABLE
UPDATE 0
ALTER TABLE
UPDATE 0
ALTER TABLE
UPDATE 0
ALTER TABLE
UPDATE 0
ALTER TABLE
UPDATE 0
ALTER TABLE
UPDATE 0
ALTER TABLE
UPDATE 0
ALTER TABLE
UPDATE 0
ALTER TABLE
UPDATE 0
ALTER TABLE
UPDATE 0
ALTER TABLE
UPDATE 0
ALTER TABLE
UPDATE 0
ALTER TABLE
UPDATE 0
ALTER TABLE
UPDATE 0
ALTER TABLE
UPDATE 0
ALTER TABLE
UPDATE 0
ALTER TABLE
UPDATE 0
ALTER TABLE
UPDATE 0
ALTER TABLE
UPDATE 0
ALTER TABLE
UPDATE 0
ALTER TABLE
UPDATE 0
ALTER TABLE
UPDATE 0
ALTER TABLE
UPDATE 0
ALTER TABLE
UPDATE 0
ALTER TABLE
UPDATE 0
ALTER TABLE
UPDATE 0
ALTER TABLE
UPDATE 0
ALTER TABLE
UPDATE 0
ALTER TABLE
UPDATE 0
ALTER TABLE
UPDATE 0
ALTER TABLE
UPDATE 0
ALTER TABLE
UPDATE 0
ALTER TABLE
UPDATE 0
ALTER TABLE
UPDATE 0
ALTER TABLE
UPDATE 0
ALTER TABLE
UPDATE 0
ALTER TABLE
UPDATE 0
ALTER TABLE
UPDATE 0
ALTER TABLE
UPDATE 0
ALTER TABLE
UPDATE 0
ALTER TABLE
UPDATE 0
ALTER TABLE
UPDATE 0
ALTER TABLE
UPDATE 0
ALTER TABLE
UPDATE 0
ALTER TABLE
UPDATE 0
ALTER TABLE
UPDATE 0
ALTER TABLE
UPDATE 0
ALTER TABLE
UPDATE 0
ALTER TABLE
UPDATE 0
ALTER TABLE
UPDATE 0
ALTER TABLE
UPDATE 0
ALTER TABLE
UPDATE 0
ALTER TABLE
UPDATE 0
ALTER TABLE
UPDATE 0
ALTER TABLE
UPDATE 0
ALTER TABLE
UPDATE 0
ALTER TABLE
UPDATE 0
ALTER TABLE
UPDATE 0
ALTER TABLE
UPDATE 0
ALTER TABLE
UPDATE 0
ALTER TABLE
UPDATE 0
ALTER TABLE
UPDATE 0
ALTER TABLE
UPDATE 0
ALTER TABLE
UPDATE 0
ALTER TABLE
UPDATE 0
ALTER TABLE
UPDATE 0
ALTER TABLE
UPDATE 0
ALTER TABLE
UPDATE 0
ALTER TABLE
UPDATE 0
ALTER TABLE
UPDATE 0
ALTER TABLE
UPDATE 0
ALTER TABLE
UPDATE 0
ALTER TABLE
UPDATE 0
ALTER TABLE
UPDATE 0
ALTER TABLE
UPDATE 0
ALTER TABLE
UPDATE 0
ALTER TABLE
UPDATE 0
ALTER TABLE
UPDATE 0
ALTER TABLE
UPDATE 0
ALTER TABLE
UPDATE 0
ALTER TABLE
UPDATE 0
ALTER TABLE
UPDATE 0
ALTER TABLE
UPDATE 0
ALTER TABLE
UPDATE 0
ALTER TABLE
UPDATE 0
ALTER TABLE
UPDATE 0
ALTER TABLE
UPDATE 0
ALTER TABLE
UPDATE 0
ALTER TABLE
UPDATE 0
ALTER TABLE
UPDATE 0
ALTER TABLE
UPDATE 0
ALTER TABLE
UPDATE 0
ALTER TABLE
UPDATE 0
ALTER TABLE
UPDATE 0
ALTER TABLE
UPDATE 0
ALTER TABLE
UPDATE 0
ALTER TABLE
UPDATE 0
ALTER TABLE
UPDATE 0
ALTER TABLE
UPDATE 0
ALTER TABLE
UPDATE 0
ALTER TABLE
UPDATE 0
ALTER TABLE
UPDATE 0
ALTER TABLE
UPDATE 0
ALTER TABLE
UPDATE 0
ALTER TABLE
UPDATE 0
ALTER TABLE
UPDATE 0
ALTER TABLE
UPDATE 0
ALTER TABLE
UPDATE 0
ALTER TABLE
UPDATE 0
ALTER TABLE
UPDATE 0
ALTER TABLE
UPDATE 0
ALTER TABLE
UPDATE 0
ALTER TABLE
UPDATE 0
ALTER TABLE
UPDATE 0
ALTER TABLE
UPDATE 0
ALTER TABLE
UPDATE 0
ALTER TABLE
UPDATE 0
ALTER TABLE
UPDATE 0
ALTER TABLE
UPDATE 0
ALTER TABLE
UPDATE 0
ALTER TABLE
UPDATE 0
ALTER TABLE
UPDATE 0
ALTER TABLE
UPDATE 0
ALTER TABLE
UPDATE 0
ALTER TABLE
UPDATE 0
ALTER TABLE
UPDATE 0
ALTER TABLE
UPDATE 0
ALTER TABLE
UPDATE 0
ALTER TABLE
UPDATE 0
ALTER TABLE
UPDATE 0
ALTER TABLE
UPDATE 0
ALTER TABLE
UPDATE 0
ALTER TABLE
UPDATE 0
ALTER TABLE
UPDATE 0
ALTER TABLE
UPDATE 0
ALTER TABLE
UPDATE 0
ALTER TABLE
UPDATE 0
ALTER TABLE
UPDATE 0
ALTER TABLE
UPDATE 0
ALTER TABLE
UPDATE 0
ALTER TABLE
UPDATE 0
ALTER TABLE
UPDATE 0
ALTER TABLE
UPDATE 0
ALTER TABLE
UPDATE 0
ALTER TABLE
UPDATE 0
ALTER TABLE
UPDATE 0
ALTER TABLE
UPDATE 0
ALTER TABLE
UPDATE 0
ALTER TABLE
UPDATE 0
ALTER TABLE
UPDATE 0
ALTER TABLE
UPDATE 0
ALTER TABLE
UPDATE 0
ALTER TABLE
UPDATE 0
ALTER TABLE
UPDATE 0
ALTER TABLE
UPDATE 0
ALTER TABLE
UPDATE 0
ALTER TABLE
UPDATE 0
ALTER TABLE
UPDATE 0
ALTER TABLE
UPDATE 0
ALTER TABLE
UPDATE 0
ALTER TABLE
UPDATE 0
ALTER TABLE
UPDATE 0
ALTER TABLE
UPDATE 0
ALTER TABLE
UPDATE 0
ALTER TABLE
UPDATE 0
ALTER TABLE
UPDATE 0
ALTER TABLE
UPDATE 0
ALTER TABLE
UPDATE 0
ALTER TABLE
UPDATE 0
ALTER TABLE
UPDATE 0
ALTER TABLE
UPDATE 0
ALTER TABLE
UPDATE 0
ALTER TABLE
UPDATE 0
ALTER TABLE
UPDATE 0
ALTER TABLE
UPDATE 0
ALTER TABLE
UPDATE 0
ALTER TABLE
UPDATE 0
ALTER TABLE
UPDATE 0
ALTER TABLE
UPDATE 0
ALTER TABLE
UPDATE 0
ALTER TABLE
UPDATE 0
ALTER TABLE
UPDATE 0
ALTER TABLE
UPDATE 0
ALTER TABLE
UPDATE 0
ALTER TABLE
UPDATE 0
ALTER TABLE
UPDATE 0
ALTER TABLE
UPDATE 0
ALTER TABLE
UPDATE 0
ALTER TABLE
UPDATE 0
ALTER TABLE
UPDATE 0
ALTER TABLE
UPDATE 0
ALTER TABLE
UPDATE 0
ALTER TABLE
UPDATE 0
ALTER TABLE
UPDATE 0
ALTER TABLE
UPDATE 0
ALTER TABLE
UPDATE 0
ALTER TABLE
UPDATE 0
ALTER TABLE
UPDATE 0
ALTER TABLE
UPDATE 0
ALTER TABLE
UPDATE 0
ALTER TABLE
UPDATE 0
ALTER TABLE
UPDATE 0
ALTER TABLE
UPDATE 0
ALTER TABLE
UPDATE 0
ALTER TABLE
UPDATE 0
ALTER TABLE
UPDATE 0
ALTER TABLE
UPDATE 0
ALTER TABLE
UPDATE 0
ALTER TABLE
UPDATE 0
ALTER TABLE
UPDATE 0
ALTER TABLE
UPDATE 0
ALTER TABLE
UPDATE 0
ALTER TABLE
UPDATE 0
ALTER TABLE
UPDATE 0
ALTER TABLE
UPDATE 0
ALTER TABLE
UPDATE 0
ALTER TABLE
UPDATE 0
ALTER TABLE
UPDATE 0
ALTER TABLE
UPDATE 0
ALTER TABLE
UPDATE 0
ALTER TABLE
UPDATE 0
ALTER TABLE
UPDATE 0
ALTER TABLE
UPDATE 0
ALTER TABLE
UPDATE 0
ALTER TABLE
UPDATE 0
ALTER TABLE
UPDATE 0
ALTER TABLE
UPDATE 0
ALTER TABLE
UPDATE 0
ALTER TABLE
UPDATE 0
ALTER TABLE
UPDATE 0
ALTER TABLE
UPDATE 0
ALTER TABLE
UPDATE 0
ALTER TABLE
UPDATE 0
ALTER TABLE
UPDATE 0
ALTER TABLE
UPDATE 0
ALTER TABLE
UPDATE 0
ALTER TABLE
UPDATE 0
ALTER TABLE
UPDATE 0
ALTER TABLE
UPDATE 0
ALTER TABLE
UPDATE 0
ALTER TABLE
UPDATE 0
ALTER TABLE
UPDATE 0
ALTER TABLE
UPDATE 0
ALTER TABLE
UPDATE 0
ALTER TABLE
UPDATE 0
ALTER TABLE
UPDATE 0
ALTER TABLE
UPDATE 0
ALTER TABLE
UPDATE 0
ALTER TABLE
UPDATE 0
ALTER TABLE
UPDATE 0
ALTER TABLE
UPDATE 0
ALTER TABLE
UPDATE 0
ALTER TABLE
UPDATE 0
ALTER TABLE
UPDATE 0
ALTER TABLE
UPDATE 0
ALTER TABLE
UPDATE 0
ALTER TABLE
UPDATE 0
ALTER TABLE
UPDATE 0
ALTER TABLE
UPDATE 0
ALTER TABLE
UPDATE 0
ALTER TABLE
UPDATE 0
ALTER TABLE
UPDATE 0
ALTER TABLE
UPDATE 0
ALTER TABLE
UPDATE 0
ALTER TABLE
UPDATE 0
ALTER TABLE
UPDATE 0
ALTER TABLE
UPDATE 0
ALTER TABLE
UPDATE 0
ALTER TABLE
UPDATE 0
ALTER TABLE
UPDATE 0
ALTER TABLE
UPDATE 0
ALTER TABLE
UPDATE 0
ALTER TABLE
UPDATE 0
ALTER TABLE
UPDATE 0
ALTER TABLE
UPDATE 0
ALTER TABLE
UPDATE 0
ALTER TABLE
UPDATE 0
ALTER TABLE
UPDATE 0
ALTER TABLE
UPDATE 0
ALTER TABLE
UPDATE 0
ALTER TABLE
UPDATE 0
ALTER TABLE
UPDATE 0
ALTER TABLE
UPDATE 0
ALTER TABLE
UPDATE 0
ALTER TABLE
UPDATE 0
ALTER TABLE
UPDATE 0
ALTER TABLE
UPDATE 0
ALTER TABLE
UPDATE 0
ALTER TABLE
UPDATE 0
ALTER TABLE
UPDATE 0
ALTER TABLE
UPDATE 0
ALTER TABLE
UPDATE 0
ALTER TABLE
UPDATE 0
ALTER TABLE
UPDATE 0
ALTER TABLE
UPDATE 0
ALTER TABLE
UPDATE 0
ALTER TABLE
UPDATE 0
ALTER TABLE
UPDATE 0
ALTER TABLE
UPDATE 0
ALTER TABLE
UPDATE 0
ALTER TABLE
UPDATE 0
ALTER TABLE
UPDATE 0
ALTER TABLE
UPDATE 0
ALTER TABLE
UPDATE 0
ALTER TABLE
UPDATE 0
ALTER TABLE
UPDATE 0
ALTER TABLE
UPDATE 0
ALTER TABLE
UPDATE 0
ALTER TABLE
UPDATE 0
ALTER TABLE
UPDATE 0
ALTER TABLE
UPDATE 0
ALTER TABLE
UPDATE 0
ALTER TABLE
UPDATE 0
ALTER TABLE
UPDATE 0
ALTER TABLE
UPDATE 0
ALTER TABLE
UPDATE 0
ALTER TABLE
UPDATE 0
ALTER TABLE
UPDATE 0
ALTER TABLE
UPDATE 0
ALTER TABLE
UPDATE 0
ALTER TABLE
UPDATE 0
ALTER TABLE
UPDATE 0
ALTER TABLE
UPDATE 0
ALTER TABLE
UPDATE 0
ALTER TABLE
UPDATE 0
ALTER TABLE
UPDATE 0
ALTER TABLE
UPDATE 0
ALTER TABLE
UPDATE 0
ALTER TABLE
UPDATE 0
ALTER TABLE
UPDATE 0
ALTER TABLE
UPDATE 0
ALTER TABLE
UPDATE 0
ALTER TABLE
UPDATE 0
ALTER TABLE
UPDATE 0
ALTER TABLE
UPDATE 0
ALTER TABLE
UPDATE 0
ALTER TABLE
UPDATE 0
ALTER TABLE
UPDATE 0
ALTER TABLE
UPDATE 0
ALTER TABLE
UPDATE 0
ALTER TABLE
UPDATE 0
ALTER TABLE
UPDATE 0
ALTER TABLE
UPDATE 0
ALTER TABLE
UPDATE 0
ALTER TABLE
UPDATE 0
ALTER TABLE
UPDATE 0
ALTER TABLE
UPDATE 0
ALTER TABLE
UPDATE 0
ALTER TABLE
UPDATE 0
ALTER TABLE
UPDATE 0
ALTER TABLE
UPDATE 0
ALTER TABLE
UPDATE 0
ALTER TABLE
UPDATE 0
ALTER TABLE
UPDATE 0
ALTER TABLE
UPDATE 0
ALTER TABLE
UPDATE 0
ALTER TABLE
UPDATE 0
ALTER TABLE
UPDATE 0
ALTER TABLE
UPDATE 0
ALTER TABLE
UPDATE 0
ALTER TABLE
UPDATE 0
ALTER TABLE
UPDATE 0
ALTER TABLE
UPDATE 0
ALTER TABLE
UPDATE 0
ALTER TABLE
UPDATE 0
ALTER TABLE
UPDATE 0
ALTER TABLE
UPDATE 0
ALTER TABLE
UPDATE 0
ALTER TABLE
UPDATE 0
ALTER TABLE
UPDATE 0
ALTER TABLE
UPDATE 0
ALTER TABLE
UPDATE 0
ALTER TABLE
UPDATE 0
ALTER TABLE
UPDATE 0
ALTER TABLE
UPDATE 0
ALTER TABLE
UPDATE 0
ALTER TABLE
UPDATE 0
ALTER TABLE
UPDATE 0
ALTER TABLE
UPDATE 0
ALTER TABLE
UPDATE 0
ALTER TABLE
UPDATE 0
ALTER TABLE
UPDATE 0
ALTER TABLE
UPDATE 0
ALTER TABLE
UPDATE 0
ALTER TABLE
UPDATE 19
UPDATE 19
UPDATE 6
UPDATE 6
             register_migration_script              
----------------------------------------------------
 201404171500_IDEMPIERE-709.sql was already applied
 201404171500_IDEMPIERE-709.sql was already applied
(2 filas)

            filename             
---------------------------------
 201404181241_IDEMPIERE-1904.sql
(1 fila)

UPDATE 0
UPDATE 0
UPDATE 0
UPDATE 0
UPDATE 0
UPDATE 0
UPDATE 0
UPDATE 0
UPDATE 0
UPDATE 0
              register_migration_script              
-----------------------------------------------------
 201404181241_IDEMPIERE-1904.sql was already applied
 201404181241_IDEMPIERE-1904.sql was already applied
(2 filas)

            filename             
---------------------------------
 201404211431_IDEMPIERE-1843.sql
(1 fila)

              register_migration_script              
-----------------------------------------------------
 201404211431_IDEMPIERE-1843.sql was already applied
 201404211431_IDEMPIERE-1843.sql was already applied
(2 filas)

            filename             
---------------------------------
 201404281824_IDEMPIERE-1920.sql
(1 fila)

UPDATE 1
UPDATE 1
UPDATE 1
              register_migration_script              
-----------------------------------------------------
 201404281824_IDEMPIERE-1920.sql was already applied
 201404281824_IDEMPIERE-1920.sql was already applied
(2 filas)

            filename             
---------------------------------
 201404290949_Ticket_1003965.sql
(1 fila)

CREATE FUNCTION
CREATE FUNCTION
              register_migration_script              
-----------------------------------------------------
 201404290949_Ticket_1003965.sql was already applied
 201404290949_Ticket_1003965.sql was already applied
(2 filas)

            filename            
--------------------------------
 201405021009_IDEMPIERE-709.sql
(1 fila)

ALTER TABLE
ALTER TABLE
ALTER TABLE
ALTER TABLE
ALTER TABLE
ALTER TABLE
ALTER TABLE
ALTER TABLE
ALTER TABLE
ALTER TABLE
ALTER TABLE
ALTER TABLE
ALTER TABLE
ALTER TABLE
ALTER TABLE
ALTER TABLE
ALTER TABLE
ALTER TABLE
ALTER TABLE
ALTER TABLE
ALTER TABLE
ALTER TABLE
ALTER TABLE
ALTER TABLE
ALTER TABLE
ALTER TABLE
ALTER TABLE
ALTER TABLE
ALTER TABLE
ALTER TABLE
ALTER TABLE
ALTER TABLE
ALTER TABLE
ALTER TABLE
ALTER TABLE
ALTER TABLE
ALTER TABLE
ALTER TABLE
ALTER TABLE
ALTER TABLE
ALTER TABLE
ALTER TABLE
ALTER TABLE
ALTER TABLE
ALTER TABLE
ALTER TABLE
ALTER TABLE
ALTER TABLE
ALTER TABLE
ALTER TABLE
ALTER TABLE
ALTER TABLE
ALTER TABLE
ALTER TABLE
ALTER TABLE
ALTER TABLE
ALTER TABLE
ALTER TABLE
ALTER TABLE
ALTER TABLE
ALTER TABLE
ALTER TABLE
ALTER TABLE
ALTER TABLE
ALTER TABLE
ALTER TABLE
ALTER TABLE
ALTER TABLE
ALTER TABLE
ALTER TABLE
ALTER TABLE
ALTER TABLE
ALTER TABLE
ALTER TABLE
ALTER TABLE
ALTER TABLE
ALTER TABLE
ALTER TABLE
ALTER TABLE
ALTER TABLE
ALTER TABLE
ALTER TABLE
ALTER TABLE
ALTER TABLE
ALTER TABLE
ALTER TABLE
ALTER TABLE
ALTER TABLE
ALTER TABLE
ALTER TABLE
ALTER TABLE
ALTER TABLE
ALTER TABLE
ALTER TABLE
ALTER TABLE
ALTER TABLE
ALTER TABLE
ALTER TABLE
ALTER TABLE
ALTER TABLE
ALTER TABLE
ALTER TABLE
ALTER TABLE
ALTER TABLE
ALTER TABLE
ALTER TABLE
ALTER TABLE
ALTER TABLE
ALTER TABLE
ALTER TABLE
ALTER TABLE
ALTER TABLE
ALTER TABLE
ALTER TABLE
ALTER TABLE
ALTER TABLE
ALTER TABLE
ALTER TABLE
ALTER TABLE
ALTER TABLE
ALTER TABLE
ALTER TABLE
ALTER TABLE
ALTER TABLE
ALTER TABLE
ALTER TABLE
ALTER TABLE
ALTER TABLE
ALTER TABLE
ALTER TABLE
ALTER TABLE
ALTER TABLE
ALTER TABLE
ALTER TABLE
ALTER TABLE
ALTER TABLE
ALTER TABLE
ALTER TABLE
ALTER TABLE
ALTER TABLE
ALTER TABLE
ALTER TABLE
ALTER TABLE
ALTER TABLE
ALTER TABLE
ALTER TABLE
ALTER TABLE
ALTER TABLE
ALTER TABLE
ALTER TABLE
ALTER TABLE
ALTER TABLE
ALTER TABLE
ALTER TABLE
ALTER TABLE
ALTER TABLE
ALTER TABLE
ALTER TABLE
ALTER TABLE
ALTER TABLE
ALTER TABLE
ALTER TABLE
ALTER TABLE
ALTER TABLE
ALTER TABLE
ALTER TABLE
ALTER TABLE
ALTER TABLE
ALTER TABLE
ALTER TABLE
ALTER TABLE
ALTER TABLE
ALTER TABLE
ALTER TABLE
ALTER TABLE
ALTER TABLE
ALTER TABLE
ALTER TABLE
ALTER TABLE
ALTER TABLE
ALTER TABLE
ALTER TABLE
ALTER TABLE
ALTER TABLE
ALTER TABLE
ALTER TABLE
ALTER TABLE
ALTER TABLE
ALTER TABLE
ALTER TABLE
ALTER TABLE
ALTER TABLE
ALTER TABLE
ALTER TABLE
ALTER TABLE
ALTER TABLE
ALTER TABLE
ALTER TABLE
ALTER TABLE
ALTER TABLE
ALTER TABLE
ALTER TABLE
ALTER TABLE
ALTER TABLE
ALTER TABLE
ALTER TABLE
ALTER TABLE
ALTER TABLE
ALTER TABLE
ALTER TABLE
ALTER TABLE
ALTER TABLE
ALTER TABLE
ALTER TABLE
ALTER TABLE
ALTER TABLE
ALTER TABLE
ALTER TABLE
ALTER TABLE
ALTER TABLE
ALTER TABLE
ALTER TABLE
ALTER TABLE
ALTER TABLE
ALTER TABLE
ALTER TABLE
ALTER TABLE
ALTER TABLE
ALTER TABLE
ALTER TABLE
ALTER TABLE
ALTER TABLE
ALTER TABLE
ALTER TABLE
ALTER TABLE
ALTER TABLE
ALTER TABLE
ALTER TABLE
ALTER TABLE
ALTER TABLE
ALTER TABLE
ALTER TABLE
ALTER TABLE
ALTER TABLE
ALTER TABLE
ALTER TABLE
ALTER TABLE
ALTER TABLE
ALTER TABLE
ALTER TABLE
ALTER TABLE
ALTER TABLE
ALTER TABLE
ALTER TABLE
ALTER TABLE
ALTER TABLE
ALTER TABLE
ALTER TABLE
ALTER TABLE
ALTER TABLE
ALTER TABLE
ALTER TABLE
ALTER TABLE
ALTER TABLE
ALTER TABLE
ALTER TABLE
ALTER TABLE
ALTER TABLE
ALTER TABLE
ALTER TABLE
ALTER TABLE
ALTER TABLE
ALTER TABLE
ALTER TABLE
ALTER TABLE
ALTER TABLE
ALTER TABLE
ALTER TABLE
ALTER TABLE
ALTER TABLE
ALTER TABLE
ALTER TABLE
ALTER TABLE
ALTER TABLE
ALTER TABLE
ALTER TABLE
ALTER TABLE
ALTER TABLE
ALTER TABLE
ALTER TABLE
ALTER TABLE
ALTER TABLE
ALTER TABLE
ALTER TABLE
ALTER TABLE
ALTER TABLE
ALTER TABLE
ALTER TABLE
ALTER TABLE
ALTER TABLE
ALTER TABLE
ALTER TABLE
ALTER TABLE
ALTER TABLE
ALTER TABLE
ALTER TABLE
ALTER TABLE
ALTER TABLE
ALTER TABLE
ALTER TABLE
ALTER TABLE
ALTER TABLE
ALTER TABLE
ALTER TABLE
ALTER TABLE
ALTER TABLE
ALTER TABLE
ALTER TABLE
ALTER TABLE
ALTER TABLE
ALTER TABLE
ALTER TABLE
ALTER TABLE
ALTER TABLE
ALTER TABLE
ALTER TABLE
ALTER TABLE
ALTER TABLE
ALTER TABLE
ALTER TABLE
ALTER TABLE
ALTER TABLE
ALTER TABLE
ALTER TABLE
ALTER TABLE
ALTER TABLE
ALTER TABLE
ALTER TABLE
ALTER TABLE
ALTER TABLE
ALTER TABLE
ALTER TABLE
ALTER TABLE
ALTER TABLE
ALTER TABLE
ALTER TABLE
ALTER TABLE
ALTER TABLE
ALTER TABLE
ALTER TABLE
ALTER TABLE
ALTER TABLE
ALTER TABLE
ALTER TABLE
ALTER TABLE
ALTER TABLE
ALTER TABLE
ALTER TABLE
ALTER TABLE
ALTER TABLE
ALTER TABLE
ALTER TABLE
ALTER TABLE
ALTER TABLE
ALTER TABLE
ALTER TABLE
ALTER TABLE
ALTER TABLE
ALTER TABLE
ALTER TABLE
ALTER TABLE
ALTER TABLE
ALTER TABLE
ALTER TABLE
ALTER TABLE
ALTER TABLE
ALTER TABLE
ALTER TABLE
ALTER TABLE
ALTER TABLE
ALTER TABLE
ALTER TABLE
ALTER TABLE
ALTER TABLE
ALTER TABLE
ALTER TABLE
ALTER TABLE
ALTER TABLE
ALTER TABLE
ALTER TABLE
ALTER TABLE
ALTER TABLE
ALTER TABLE
ALTER TABLE
ALTER TABLE
ALTER TABLE
ALTER TABLE
ALTER TABLE
ALTER TABLE
ALTER TABLE
ALTER TABLE
ALTER TABLE
ALTER TABLE
ALTER TABLE
ALTER TABLE
ALTER TABLE
ALTER TABLE
ALTER TABLE
ALTER TABLE
ALTER TABLE
ALTER TABLE
ALTER TABLE
ALTER TABLE
ALTER TABLE
ALTER TABLE
ALTER TABLE
ALTER TABLE
ALTER TABLE
ALTER TABLE
ALTER TABLE
ALTER TABLE
ALTER TABLE
ALTER TABLE
ALTER TABLE
ALTER TABLE
ALTER TABLE
ALTER TABLE
ALTER TABLE
ALTER TABLE
ALTER TABLE
ALTER TABLE
ALTER TABLE
ALTER TABLE
ALTER TABLE
ALTER TABLE
ALTER TABLE
ALTER TABLE
ALTER TABLE
ALTER TABLE
ALTER TABLE
ALTER TABLE
ALTER TABLE
ALTER TABLE
ALTER TABLE
ALTER TABLE
ALTER TABLE
ALTER TABLE
ALTER TABLE
ALTER TABLE
ALTER TABLE
ALTER TABLE
ALTER TABLE
ALTER TABLE
ALTER TABLE
ALTER TABLE
             register_migration_script              
----------------------------------------------------
 201405021009_IDEMPIERE-709.sql was already applied
 201405021009_IDEMPIERE-709.sql was already applied
(2 filas)

            filename             
---------------------------------
 201405072159_IDEMPIERE-1898.sql
(1 fila)

UPDATE 1
              register_migration_script              
-----------------------------------------------------
 201405072159_IDEMPIERE-1898.sql was already applied
 201405072159_IDEMPIERE-1898.sql was already applied
(2 filas)

            filename             
---------------------------------
 201405160521_IDEMPIERE-1953.sql
(1 fila)

CREATE FUNCTION
CREATE FUNCTION
CREATE FUNCTION
CREATE FUNCTION
CREATE FUNCTION
CREATE FUNCTION
CREATE FUNCTION
              register_migration_script              
-----------------------------------------------------
 201405160521_IDEMPIERE-1953.sql was already applied
 201405160521_IDEMPIERE-1953.sql was already applied
(2 filas)

            filename             
---------------------------------
 201405221012_Ticket_1003710.sql
(1 fila)

UPDATE 1
UPDATE 1
UPDATE 1
UPDATE 1
UPDATE 1
UPDATE 1
UPDATE 1
UPDATE 1
UPDATE 1
              register_migration_script              
-----------------------------------------------------
 201405221012_Ticket_1003710.sql was already applied
 201405221012_Ticket_1003710.sql was already applied
(2 filas)

            filename             
---------------------------------
 201405262306_IDEMPIERE-1967.sql
(1 fila)

UPDATE 1
              register_migration_script              
-----------------------------------------------------
 201405262306_IDEMPIERE-1967.sql was already applied
 201405262306_IDEMPIERE-1967.sql was already applied
(2 filas)

COMMIT
