            filename             
---------------------------------
 201307051404_IDEMPIERE-1132.sql
(1 fila)

INSERT 0 0
INSERT 0 0
INSERT 0 0
INSERT 0 0
INSERT 0 0
INSERT 0 0
INSERT 0 0
INSERT 0 1
INSERT 0 2
INSERT 0 0
INSERT 0 0
INSERT 0 0
INSERT 0 0
INSERT 0 0
INSERT 0 0
INSERT 0 0
INSERT 0 0
INSERT 0 1
INSERT 0 2
DELETE 2
DELETE 1
DELETE 2
DELETE 1
INSERT 0 0
INSERT 0 0
INSERT 0 0
INSERT 0 0
INSERT 0 0
INSERT 0 0
INSERT 0 0
INSERT 0 0
INSERT 0 0
INSERT 0 0
INSERT 0 0
INSERT 0 0
INSERT 0 0
INSERT 0 0
INSERT 0 1
INSERT 0 2
INSERT 0 0
INSERT 0 0
INSERT 0 1
INSERT 0 2
INSERT 0 0
INSERT 0 0
INSERT 0 1
INSERT 0 2
INSERT 0 0
INSERT 0 0
INSERT 0 1
INSERT 0 2
DELETE 2
DELETE 1
DELETE 2
DELETE 1
DELETE 2
DELETE 1
DELETE 2
DELETE 1
INSERT 0 0
UPDATE 1
INSERT 0 0
INSERT 0 0
INSERT 0 0
INSERT 0 0
INSERT 0 0
INSERT 0 0
INSERT 0 0
INSERT 0 0
INSERT 0 0
INSERT 0 0
INSERT 0 1
INSERT 0 2
INSERT 0 0
INSERT 0 0
INSERT 0 0
INSERT 0 0
INSERT 0 0
INSERT 0 0
INSERT 0 0
INSERT 0 0
INSERT 0 1
INSERT 0 2
DELETE 2
DELETE 1
DELETE 2
DELETE 1
INSERT 0 0
INSERT 0 0
INSERT 0 0
INSERT 0 0
INSERT 0 0
INSERT 0 0
INSERT 0 0
INSERT 0 0
INSERT 0 0
INSERT 0 0
INSERT 0 0
INSERT 0 0
INSERT 0 0
INSERT 0 0
INSERT 0 0
INSERT 0 1
INSERT 0 2
INSERT 0 0
INSERT 0 0
INSERT 0 0
INSERT 0 0
INSERT 0 0
INSERT 0 1
INSERT 0 2
INSERT 0 0
INSERT 0 0
INSERT 0 1
INSERT 0 2
DELETE 2
DELETE 1
DELETE 2
DELETE 1
DELETE 2
DELETE 1
INSERT 0 0
INSERT 0 0
INSERT 0 0
INSERT 0 0
INSERT 0 0
INSERT 0 0
INSERT 0 0
INSERT 0 0
INSERT 0 0
INSERT 0 0
INSERT 0 0
INSERT 0 0
INSERT 0 0
INSERT 0 0
UPDATE 1
UPDATE 1
UPDATE 1
UPDATE 1
UPDATE 1
UPDATE 1
UPDATE 1
UPDATE 1
INSERT 0 0
INSERT 0 0
UPDATE 1
INSERT 0 0
INSERT 0 0
INSERT 0 0
INSERT 0 0
INSERT 0 0
INSERT 0 0
INSERT 0 0
INSERT 0 0
INSERT 0 0
INSERT 0 0
INSERT 0 0
INSERT 0 0
INSERT 0 0
UPDATE 1
UPDATE 1
UPDATE 1
UPDATE 1
UPDATE 1
UPDATE 1
UPDATE 1
UPDATE 1
UPDATE 1
UPDATE 1
UPDATE 1
UPDATE 1
UPDATE 1
UPDATE 1
UPDATE 1
UPDATE 1
UPDATE 1
UPDATE 1
UPDATE 1
UPDATE 1
UPDATE 1
UPDATE 1
UPDATE 1
UPDATE 1
UPDATE 1
UPDATE 1
UPDATE 1
UPDATE 1
UPDATE 1
UPDATE 1
UPDATE 1
UPDATE 1
UPDATE 1
INSERT 0 0
INSERT 0 0
INSERT 0 0
INSERT 0 0
INSERT 0 0
INSERT 0 0
INSERT 0 0
INSERT 0 0
INSERT 0 0
INSERT 0 0
INSERT 0 0
UPDATE 1
UPDATE 1
UPDATE 1
UPDATE 1
UPDATE 1
UPDATE 1
UPDATE 1
UPDATE 1
UPDATE 1
UPDATE 1
UPDATE 1
UPDATE 1
UPDATE 1
UPDATE 1
UPDATE 1
UPDATE 1
UPDATE 1
INSERT 0 0
INSERT 0 0
INSERT 0 0
INSERT 0 0
INSERT 0 0
INSERT 0 0
INSERT 0 0
INSERT 0 0
INSERT 0 0
INSERT 0 0
INSERT 0 0
INSERT 0 0
INSERT 0 0
INSERT 0 0
INSERT 0 0
INSERT 0 0
INSERT 0 1
INSERT 0 2
ALTER TABLE
UPDATE 1
INSERT 0 1
INSERT 0 2
UPDATE 1
UPDATE 1
UPDATE 1
UPDATE 1
UPDATE 1
UPDATE 1
UPDATE 1
UPDATE 1
UPDATE 1
UPDATE 1
UPDATE 1
UPDATE 1
UPDATE 1
UPDATE 1
UPDATE 1
UPDATE 1
UPDATE 1
UPDATE 1
UPDATE 1
UPDATE 1
UPDATE 1
UPDATE 1
UPDATE 1
UPDATE 1
UPDATE 1
UPDATE 1
UPDATE 1
UPDATE 1
UPDATE 1
UPDATE 1
UPDATE 1
UPDATE 1
INSERT 0 0
UPDATE 1
INSERT 0 0
INSERT 0 0
INSERT 0 0
INSERT 0 0
INSERT 0 0
INSERT 0 0
INSERT 0 0
INSERT 0 0
INSERT 0 0
INSERT 0 0
INSERT 0 0
INSERT 0 0
UPDATE 1
UPDATE 1
UPDATE 1
UPDATE 1
UPDATE 1
UPDATE 1
UPDATE 1
UPDATE 1
UPDATE 1
UPDATE 1
UPDATE 1
UPDATE 1
UPDATE 1
UPDATE 1
UPDATE 1
UPDATE 1
UPDATE 1
UPDATE 1
UPDATE 1
UPDATE 1
UPDATE 1
UPDATE 1
UPDATE 1
UPDATE 1
UPDATE 1
UPDATE 1
INSERT 0 0
INSERT 0 0
UPDATE 1
UPDATE 1
UPDATE 1
UPDATE 1
INSERT 0 0
INSERT 0 0
UPDATE 1
UPDATE 1
UPDATE 1
UPDATE 1
UPDATE 1
UPDATE 1
UPDATE 1
UPDATE 1
UPDATE 1
UPDATE 1
UPDATE 1
UPDATE 1
UPDATE 1
UPDATE 1
UPDATE 1
DELETE 2
DELETE 1
DELETE 2
DELETE 1
ALTER TABLE
INSERT 0 0
INSERT 0 0
INSERT 0 0
UPDATE 1
UPDATE 1
UPDATE 1
UPDATE 1
UPDATE 1
UPDATE 1
UPDATE 1
UPDATE 1
UPDATE 1
UPDATE 1
UPDATE 1
UPDATE 1
UPDATE 1
UPDATE 1
UPDATE 1
UPDATE 1
UPDATE 1
UPDATE 1
UPDATE 1
UPDATE 1
UPDATE 1
UPDATE 1
UPDATE 1
UPDATE 1
UPDATE 1
UPDATE 0
UPDATE 1
UPDATE 1
UPDATE 0
UPDATE 1
UPDATE 1
UPDATE 1
UPDATE 1
UPDATE 1
UPDATE 1
UPDATE 1
UPDATE 1
UPDATE 1
UPDATE 1
UPDATE 1
UPDATE 1
UPDATE 1
UPDATE 1
UPDATE 1
UPDATE 1
UPDATE 1
UPDATE 1
UPDATE 1
UPDATE 1
UPDATE 1
UPDATE 1
UPDATE 1
UPDATE 1
UPDATE 1
UPDATE 1
UPDATE 1
UPDATE 1
UPDATE 1
UPDATE 1
UPDATE 1
 altercolumn 
-------------
 
(1 fila)

INSERT 0 0
 altercolumn 
-------------
 
(1 fila)

INSERT 0 0
UPDATE 1
 altercolumn 
-------------
 
(1 fila)

INSERT 0 0
 altercolumn 
-------------
 
(1 fila)

INSERT 0 0
UPDATE 1
INSERT 0 0
INSERT 0 0
INSERT 0 0
INSERT 0 0
INSERT 0 0
INSERT 0 0
INSERT 0 0
INSERT 0 0
INSERT 0 0
INSERT 0 0
INSERT 0 0
INSERT 0 0
              register_migration_script              
-----------------------------------------------------
 201307051404_IDEMPIERE-1132.sql was already applied
 201307051404_IDEMPIERE-1132.sql was already applied
(2 filas)

            filename             
---------------------------------
 201307101823_IDEMPIERE-1157.sql
(1 fila)

INSERT 0 0
INSERT 0 0
INSERT 0 0
INSERT 0 0
INSERT 0 1
INSERT 0 2
INSERT 0 0
INSERT 0 0
INSERT 0 0
INSERT 0 0
INSERT 0 0
INSERT 0 0
INSERT 0 0
INSERT 0 0
INSERT 0 1
INSERT 0 2
INSERT 0 0
INSERT 0 0
INSERT 0 1
INSERT 0 2
INSERT 0 0
INSERT 0 0
INSERT 0 0
INSERT 0 0
UPDATE 1
UPDATE 1
UPDATE 2
INSERT 0 0
INSERT 0 0
DELETE 0
DELETE 0
DELETE 0
DELETE 0
INSERT 0 0
INSERT 0 0
INSERT 0 0
INSERT 0 0
INSERT 0 0
INSERT 0 0
INSERT 0 0
INSERT 0 0
INSERT 0 0
UPDATE 1
UPDATE 2
UPDATE 1
INSERT 0 0
INSERT 0 0
INSERT 0 0
INSERT 0 0
INSERT 0 0
INSERT 0 0
DELETE 2
DELETE 1
DELETE 2
DELETE 1
DELETE 2
DELETE 1
UPDATE 1
UPDATE 2
UPDATE 1
INSERT 0 0
INSERT 0 0
INSERT 0 0
INSERT 0 0
UPDATE 1
UPDATE 1
INSERT 0 0
INSERT 0 0
INSERT 0 0
INSERT 0 0
INSERT 0 0
INSERT 0 0
INSERT 0 0
INSERT 0 0
INSERT 0 0
INSERT 0 0
UPDATE 1
UPDATE 1
UPDATE 1
UPDATE 1
UPDATE 1
UPDATE 1
UPDATE 1
INSERT 0 0
INSERT 0 0
INSERT 0 0
INSERT 0 0
INSERT 0 0
INSERT 0 0
INSERT 0 0
INSERT 0 0
INSERT 0 0
INSERT 0 0
INSERT 0 0
INSERT 0 0
INSERT 0 0
INSERT 0 0
INSERT 0 0
INSERT 0 0
UPDATE 1
UPDATE 1
UPDATE 1
UPDATE 1
UPDATE 1
UPDATE 1
UPDATE 1
UPDATE 1
UPDATE 1
UPDATE 1
UPDATE 1
UPDATE 1
UPDATE 1
UPDATE 1
INSERT 0 0
INSERT 0 0
UPDATE 1
UPDATE 1
UPDATE 1
UPDATE 1
UPDATE 1
UPDATE 1
UPDATE 1
UPDATE 1
UPDATE 1
UPDATE 1
UPDATE 1
UPDATE 1
UPDATE 1
UPDATE 1
UPDATE 1
UPDATE 1
UPDATE 1
UPDATE 1
UPDATE 1
UPDATE 1
UPDATE 1
UPDATE 1
UPDATE 1
UPDATE 1
UPDATE 1
UPDATE 1
UPDATE 1
UPDATE 1
UPDATE 1
UPDATE 1
UPDATE 1
UPDATE 1
UPDATE 1
UPDATE 1
UPDATE 1
UPDATE 1
UPDATE 1
UPDATE 1
UPDATE 1
UPDATE 1
UPDATE 1
UPDATE 1
UPDATE 1
UPDATE 1
UPDATE 1
UPDATE 1
UPDATE 1
UPDATE 1
UPDATE 1
UPDATE 1
UPDATE 1
UPDATE 1
UPDATE 1
UPDATE 1
UPDATE 1
UPDATE 1
UPDATE 1
UPDATE 1
UPDATE 1
UPDATE 1
UPDATE 1
UPDATE 1
UPDATE 1
UPDATE 1
UPDATE 1
UPDATE 1
INSERT 0 0
INSERT 0 0
INSERT 0 0
UPDATE 1
UPDATE 1
UPDATE 1
UPDATE 1
UPDATE 1
UPDATE 1
UPDATE 1
UPDATE 1
UPDATE 1
UPDATE 1
UPDATE 1
UPDATE 1
UPDATE 1
UPDATE 1
UPDATE 1
UPDATE 1
UPDATE 1
UPDATE 1
UPDATE 1
UPDATE 1
UPDATE 1
UPDATE 1
UPDATE 1
UPDATE 1
UPDATE 1
UPDATE 1
UPDATE 1
INSERT 0 0
INSERT 0 0
INSERT 0 0
INSERT 0 0
INSERT 0 0
INSERT 0 0
INSERT 0 0
INSERT 0 0
INSERT 0 0
INSERT 0 0
INSERT 0 0
INSERT 0 0
INSERT 0 0
INSERT 0 0
INSERT 0 0
INSERT 0 0
INSERT 0 0
INSERT 0 0
INSERT 0 0
INSERT 0 0
UPDATE 1
 altercolumn 
-------------
 
(1 fila)

INSERT 0 0
 altercolumn 
-------------
 
(1 fila)

INSERT 0 0
UPDATE 1
 altercolumn 
-------------
 
(1 fila)

INSERT 0 0
 altercolumn 
-------------
 
(1 fila)

INSERT 0 0
INSERT 0 0
INSERT 0 0
INSERT 0 0
INSERT 0 0
INSERT 0 0
INSERT 0 0
UPDATE 1
UPDATE 1
UPDATE 1
UPDATE 1
UPDATE 1
UPDATE 1
UPDATE 1
UPDATE 1
UPDATE 1
UPDATE 1
UPDATE 1
INSERT 0 0
UPDATE 1
UPDATE 1
UPDATE 1
UPDATE 1
UPDATE 1
UPDATE 1
UPDATE 1
UPDATE 1
UPDATE 1
UPDATE 1
UPDATE 1
UPDATE 1
INSERT 0 0
INSERT 0 0
INSERT 0 0
INSERT 0 0
INSERT 0 0
INSERT 0 0
UPDATE 1
UPDATE 1
UPDATE 1
UPDATE 1
UPDATE 1
UPDATE 1
UPDATE 1
UPDATE 1
INSERT 0 0
INSERT 0 0
INSERT 0 0
INSERT 0 0
UPDATE 1
UPDATE 2
INSERT 0 0
INSERT 0 0
INSERT 0 0
INSERT 0 0
INSERT 0 0
INSERT 0 0
INSERT 0 0
INSERT 0 0
INSERT 0 0
UPDATE 1
UPDATE 1
UPDATE 1
UPDATE 1
 altercolumn 
-------------
 
(1 fila)

INSERT 0 0
UPDATE 1
 altercolumn 
-------------
 
(1 fila)

INSERT 0 0
INSERT 0 0
INSERT 0 0
INSERT 0 0
UPDATE 1
UPDATE 1
UPDATE 1
UPDATE 1
UPDATE 1
UPDATE 1
UPDATE 1
INSERT 0 0
INSERT 0 0
INSERT 0 0
INSERT 0 0
              register_migration_script              
-----------------------------------------------------
 201307101823_IDEMPIERE-1157.sql was already applied
 201307101823_IDEMPIERE-1157.sql was already applied
(2 filas)

            filename             
---------------------------------
 201307151545_IDEMPIERE-1132.sql
(1 fila)

INSERT 0 0
INSERT 0 0
INSERT 0 0
INSERT 0 0
UPDATE 1
UPDATE 1
UPDATE 1
UPDATE 1
UPDATE 1
UPDATE 1
UPDATE 1
UPDATE 1
UPDATE 1
UPDATE 1
UPDATE 1
UPDATE 1
UPDATE 1
UPDATE 1
UPDATE 1
UPDATE 1
UPDATE 1
UPDATE 1
UPDATE 1
UPDATE 1
UPDATE 1
UPDATE 1
UPDATE 1
UPDATE 1
UPDATE 1
UPDATE 1
UPDATE 1
 altercolumn 
-------------
 
(1 fila)

INSERT 0 0
 altercolumn 
-------------
 
(1 fila)

INSERT 0 0
INSERT 0 0
INSERT 0 0
INSERT 0 0
INSERT 0 0
              register_migration_script              
-----------------------------------------------------
 201307151545_IDEMPIERE-1132.sql was already applied
 201307151545_IDEMPIERE-1132.sql was already applied
(2 filas)

             filename              
-----------------------------------
 201307182355_PendingSequences.sql
(1 fila)

UPDATE 0
               register_migration_script               
-------------------------------------------------------
 201307182355_PendingSequences.sql was already applied
 201307182355_PendingSequences.sql was already applied
(2 filas)

            filename             
---------------------------------
 201307191811_IDEMPIERE-1132.sql
(1 fila)

UPDATE 1
INSERT 0 0
INSERT 0 0
INSERT 0 0
INSERT 0 0
INSERT 0 0
UPDATE 1
UPDATE 1
UPDATE 1
UPDATE 1
UPDATE 1
UPDATE 1
UPDATE 1
UPDATE 1
UPDATE 1
UPDATE 1
UPDATE 1
UPDATE 1
UPDATE 1
UPDATE 1
UPDATE 1
UPDATE 1
UPDATE 1
UPDATE 1
UPDATE 1
UPDATE 1
UPDATE 1
UPDATE 1
UPDATE 1
UPDATE 1
UPDATE 1
UPDATE 1
UPDATE 1
UPDATE 1
UPDATE 1
UPDATE 1
INSERT 0 0
INSERT 0 0
UPDATE 1
INSERT 0 0
INSERT 0 0
UPDATE 1
UPDATE 1
              register_migration_script              
-----------------------------------------------------
 201307191811_IDEMPIERE-1132.sql was already applied
 201307191811_IDEMPIERE-1132.sql was already applied
(2 filas)

            filename             
---------------------------------
 201307291518_IDEMPIERE-1149.sql
(1 fila)

INSERT 0 0
INSERT 0 0
INSERT 0 0
UPDATE 1
UPDATE 1
UPDATE 1
UPDATE 1
UPDATE 1
UPDATE 1
UPDATE 1
UPDATE 1
UPDATE 1
UPDATE 1
UPDATE 1
UPDATE 1
UPDATE 1
UPDATE 1
UPDATE 1
UPDATE 1
UPDATE 1
UPDATE 1
UPDATE 1
UPDATE 1
UPDATE 1
UPDATE 1
UPDATE 1
UPDATE 1
UPDATE 1
UPDATE 1
UPDATE 1
UPDATE 1
UPDATE 1
UPDATE 1
UPDATE 1
UPDATE 1
UPDATE 1
UPDATE 1
UPDATE 1
UPDATE 1
DROP VIEW
CREATE VIEW
DROP VIEW
CREATE VIEW
              register_migration_script              
-----------------------------------------------------
 201307291518_IDEMPIERE-1149.sql was already applied
 201307291518_IDEMPIERE-1149.sql was already applied
(2 filas)

            filename             
---------------------------------
 201308011601_IDEMPIERE-1149.sql
(1 fila)

DROP VIEW
CREATE VIEW
DROP VIEW
CREATE VIEW
              register_migration_script              
-----------------------------------------------------
 201308011601_IDEMPIERE-1149.sql was already applied
 201308011601_IDEMPIERE-1149.sql was already applied
(2 filas)

            filename             
---------------------------------
 201308190830_IDEMPIERE-1285.sql
(1 fila)

INSERT 0 0
INSERT 0 0
INSERT 0 0
INSERT 0 0
INSERT 0 0
UPDATE 1
UPDATE 1
UPDATE 1
UPDATE 1
UPDATE 1
UPDATE 1
UPDATE 1
UPDATE 1
UPDATE 1
UPDATE 1
UPDATE 1
UPDATE 1
UPDATE 1
UPDATE 1
UPDATE 1
INSERT 0 0
INSERT 0 0
INSERT 0 0
INSERT 0 0
INSERT 0 0
INSERT 0 0
INSERT 0 0
INSERT 0 0
INSERT 0 0
INSERT 0 0
INSERT 0 0
INSERT 0 0
INSERT 0 0
INSERT 0 0
INSERT 0 0
INSERT 0 0
INSERT 0 0
INSERT 0 0
INSERT 0 0
INSERT 0 0
INSERT 0 0
INSERT 0 0
INSERT 0 0
INSERT 0 0
INSERT 0 0
INSERT 0 0
INSERT 0 0
INSERT 0 0
INSERT 0 0
INSERT 0 0
INSERT 0 0
INSERT 0 0
INSERT 0 0
INSERT 0 0
INSERT 0 0
INSERT 0 0
INSERT 0 0
INSERT 0 0
INSERT 0 0
INSERT 0 0
INSERT 0 0
INSERT 0 0
INSERT 0 0
INSERT 0 0
INSERT 0 0
INSERT 0 0
INSERT 0 0
INSERT 0 0
INSERT 0 0
INSERT 0 0
INSERT 0 0
INSERT 0 0
INSERT 0 0
INSERT 0 0
INSERT 0 0
INSERT 0 0
INSERT 0 0
INSERT 0 0
UPDATE 1
UPDATE 1
INSERT 0 0
UPDATE 1
INSERT 0 0
INSERT 0 0
UPDATE 1
UPDATE 0
UPDATE 0
              register_migration_script              
-----------------------------------------------------
 201308190830_IDEMPIERE-1285.sql was already applied
 201308190830_IDEMPIERE-1285.sql was already applied
(2 filas)

            filename             
---------------------------------
 201308200554_IDEMPIERE-1285.sql
(1 fila)

UPDATE 1
UPDATE 1
UPDATE 1
UPDATE 1
UPDATE 1
UPDATE 1
UPDATE 1
UPDATE 1
UPDATE 1
UPDATE 1
UPDATE 1
UPDATE 1
UPDATE 1
UPDATE 1
UPDATE 1
              register_migration_script              
-----------------------------------------------------
 201308200554_IDEMPIERE-1285.sql was already applied
 201308200554_IDEMPIERE-1285.sql was already applied
(2 filas)

            filename             
---------------------------------
 201308221905_IDEMPIERE-1157.sql
(1 fila)

DROP VIEW
CREATE VIEW
DROP VIEW
CREATE VIEW
              register_migration_script              
-----------------------------------------------------
 201308221905_IDEMPIERE-1157.sql was already applied
 201308221905_IDEMPIERE-1157.sql was already applied
(2 filas)

            filename             
---------------------------------
 201308221919_IDEMPIERE-1157.sql
(1 fila)

UPDATE 0
UPDATE 1
UPDATE 1
UPDATE 1
UPDATE 1
UPDATE 1
UPDATE 1
UPDATE 1
UPDATE 1
UPDATE 1
UPDATE 1
UPDATE 1
UPDATE 1
UPDATE 1
UPDATE 1
UPDATE 1
UPDATE 1
UPDATE 1
UPDATE 1
UPDATE 1
UPDATE 1
UPDATE 1
UPDATE 1
UPDATE 1
UPDATE 1
UPDATE 1
UPDATE 1
UPDATE 1
UPDATE 1
UPDATE 1
UPDATE 1
UPDATE 1
UPDATE 1
              register_migration_script              
-----------------------------------------------------
 201308221919_IDEMPIERE-1157.sql was already applied
 201308221919_IDEMPIERE-1157.sql was already applied
(2 filas)

            filename             
---------------------------------
 201308230922_IDEMPIERE-1157.sql
(1 fila)

UPDATE 1
UPDATE 2
UPDATE 0
UPDATE 0
UPDATE 0
UPDATE 2
              register_migration_script              
-----------------------------------------------------
 201308230922_IDEMPIERE-1157.sql was already applied
 201308230922_IDEMPIERE-1157.sql was already applied
(2 filas)

            filename             
---------------------------------
 201308251256_IDEMPIERE-1157.sql
(1 fila)

UPDATE 1
 altercolumn 
-------------
 
(1 fila)

INSERT 0 0
 altercolumn 
-------------
 
(1 fila)

INSERT 0 0
UPDATE 1
UPDATE 1
UPDATE 1
UPDATE 1
UPDATE 1
UPDATE 1
UPDATE 1
UPDATE 1
UPDATE 1
UPDATE 1
UPDATE 1
UPDATE 1
UPDATE 1
UPDATE 1
UPDATE 1
UPDATE 1
UPDATE 1
UPDATE 1
UPDATE 1
UPDATE 1
UPDATE 1
UPDATE 1
INSERT 0 0
INSERT 0 0
INSERT 0 0
UPDATE 1
UPDATE 1
UPDATE 1
              register_migration_script              
-----------------------------------------------------
 201308251256_IDEMPIERE-1157.sql was already applied
 201308251256_IDEMPIERE-1157.sql was already applied
(2 filas)

            filename             
---------------------------------
 201308271243_IDEMPIERE-1269.sql
(1 fila)

INSERT 0 0
INSERT 0 0
INSERT 0 0
INSERT 0 0
INSERT 0 0
INSERT 0 0
INSERT 0 0
INSERT 0 0
INSERT 0 0
INSERT 0 1
INSERT 0 2
INSERT 0 0
INSERT 0 0
INSERT 0 0
INSERT 0 0
INSERT 0 0
DELETE 2
DELETE 1
INSERT 0 0
INSERT 0 0
INSERT 0 0
INSERT 0 0
INSERT 0 0
INSERT 0 0
INSERT 0 0
INSERT 0 0
INSERT 0 0
INSERT 0 0
INSERT 0 0
INSERT 0 0
UPDATE 1
UPDATE 1
UPDATE 1
UPDATE 1
UPDATE 1
UPDATE 1
UPDATE 1
UPDATE 1
UPDATE 1
UPDATE 1
INSERT 0 0
INSERT 0 0
UPDATE 1
UPDATE 1
UPDATE 1
UPDATE 1
UPDATE 1
UPDATE 1
UPDATE 1
UPDATE 1
UPDATE 1
UPDATE 1
UPDATE 1
UPDATE 1
UPDATE 1
UPDATE 1
UPDATE 1
UPDATE 1
UPDATE 1
UPDATE 1
UPDATE 1
UPDATE 1
UPDATE 1
UPDATE 1
UPDATE 1
UPDATE 1
UPDATE 1
UPDATE 1
UPDATE 1
INSERT 0 0
INSERT 0 1
INSERT 0 2
ALTER TABLE
ALTER TABLE
INSERT 0 0
INSERT 0 1
INSERT 0 2
UPDATE 1
UPDATE 1
UPDATE 1
UPDATE 1
UPDATE 1
UPDATE 1
UPDATE 1
UPDATE 1
UPDATE 1
INSERT 0 0
INSERT 0 0
INSERT 0 0
INSERT 0 0
INSERT 0 0
INSERT 0 0
INSERT 0 0
INSERT 0 0
INSERT 0 0
INSERT 0 1
INSERT 0 2
INSERT 0 1
INSERT 0 2
INSERT 0 0
INSERT 0 0
INSERT 0 0
INSERT 0 0
DELETE 2
DELETE 1
DELETE 2
DELETE 1
INSERT 0 0
INSERT 0 0
INSERT 0 0
INSERT 0 0
INSERT 0 0
INSERT 0 0
INSERT 0 0
INSERT 0 0
INSERT 0 0
INSERT 0 0
INSERT 0 0
INSERT 0 0
INSERT 0 0
INSERT 0 0
INSERT 0 0
INSERT 0 0
INSERT 0 0
INSERT 0 0
UPDATE 1
UPDATE 1
UPDATE 1
UPDATE 1
UPDATE 1
UPDATE 1
UPDATE 1
UPDATE 1
UPDATE 1
UPDATE 1
UPDATE 1
UPDATE 1
UPDATE 1
UPDATE 1
UPDATE 1
UPDATE 1
UPDATE 1
UPDATE 1
UPDATE 1
UPDATE 1
UPDATE 1
UPDATE 1
UPDATE 1
UPDATE 1
INSERT 0 0
INSERT 0 0
UPDATE 1
UPDATE 1
UPDATE 1
UPDATE 1
UPDATE 1
UPDATE 1
UPDATE 1
UPDATE 1
UPDATE 1
UPDATE 1
UPDATE 1
UPDATE 1
UPDATE 1
UPDATE 1
UPDATE 1
UPDATE 1
UPDATE 1
UPDATE 1
UPDATE 1
UPDATE 1
UPDATE 1
UPDATE 1
UPDATE 1
UPDATE 1
UPDATE 1
UPDATE 1
UPDATE 1
UPDATE 1
UPDATE 1
UPDATE 1
UPDATE 1
UPDATE 1
UPDATE 1
UPDATE 1
UPDATE 1
INSERT 0 0
UPDATE 1
INSERT 0 0
INSERT 0 0
INSERT 0 0
INSERT 0 0
INSERT 0 0
UPDATE 1
INSERT 0 0
INSERT 0 0
INSERT 0 0
INSERT 0 0
INSERT 0 0
UPDATE 1
UPDATE 1
UPDATE 1
UPDATE 1
UPDATE 1
UPDATE 1
UPDATE 1
UPDATE 1
UPDATE 1
INSERT 0 0
UPDATE 1
UPDATE 1
UPDATE 1
UPDATE 1
UPDATE 1
UPDATE 1
UPDATE 1
UPDATE 1
UPDATE 1
INSERT 0 0
INSERT 0 0
UPDATE 1
UPDATE 1
UPDATE 1
UPDATE 1
UPDATE 1
UPDATE 1
UPDATE 1
UPDATE 1
UPDATE 1
UPDATE 1
UPDATE 1
INSERT 0 0
INSERT 0 0
UPDATE 1
UPDATE 1
UPDATE 1
UPDATE 1
UPDATE 1
UPDATE 1
UPDATE 1
UPDATE 1
UPDATE 1
UPDATE 1
UPDATE 1
UPDATE 1
UPDATE 1
UPDATE 1
INSERT 0 0
INSERT 0 0
UPDATE 1
UPDATE 1
UPDATE 1
UPDATE 1
UPDATE 1
UPDATE 1
UPDATE 1
UPDATE 1
UPDATE 1
UPDATE 1
UPDATE 1
INSERT 0 0
INSERT 0 0
UPDATE 1
UPDATE 1
UPDATE 1
UPDATE 1
UPDATE 1
UPDATE 1
UPDATE 1
UPDATE 1
UPDATE 1
UPDATE 1
UPDATE 1
INSERT 0 0
INSERT 0 0
UPDATE 1
UPDATE 1
UPDATE 1
DELETE 2
DELETE 1
DELETE 2
DELETE 1
ALTER TABLE
UPDATE 1
              register_migration_script              
-----------------------------------------------------
 201308271243_IDEMPIERE-1269.sql was already applied
 201308271243_IDEMPIERE-1269.sql was already applied
(2 filas)

            filename             
---------------------------------
 201308271245_IDEMPIERE-1286.sql
(1 fila)

INSERT 0 0
INSERT 0 0
INSERT 0 0
INSERT 0 0
INSERT 0 0
INSERT 0 0
INSERT 0 0
INSERT 0 0
INSERT 0 0
INSERT 0 0
INSERT 0 0
INSERT 0 0
INSERT 0 0
INSERT 0 0
INSERT 0 0
INSERT 0 0
INSERT 0 0
INSERT 0 0
INSERT 0 0
INSERT 0 1
INSERT 0 2
INSERT 0 0
INSERT 0 0
DELETE 2
DELETE 1
INSERT 0 0
INSERT 0 0
INSERT 0 0
INSERT 0 0
INSERT 0 0
INSERT 0 0
INSERT 0 0
INSERT 0 0
INSERT 0 0
INSERT 0 0
INSERT 0 0
INSERT 0 0
INSERT 0 0
INSERT 0 0
INSERT 0 0
INSERT 0 0
INSERT 0 0
INSERT 0 0
INSERT 0 0
UPDATE 1
UPDATE 1
UPDATE 1
UPDATE 1
INSERT 0 0
INSERT 0 0
INSERT 0 0
INSERT 0 0
INSERT 0 0
INSERT 0 0
INSERT 0 0
INSERT 0 0
INSERT 0 0
INSERT 0 0
INSERT 0 0
INSERT 0 0
INSERT 0 0
INSERT 0 0
INSERT 0 0
INSERT 0 0
INSERT 0 0
UPDATE 1
UPDATE 1
UPDATE 1
UPDATE 1
UPDATE 1
UPDATE 1
UPDATE 1
UPDATE 1
UPDATE 1
UPDATE 1
UPDATE 1
UPDATE 1
UPDATE 1
UPDATE 1
UPDATE 1
UPDATE 1
UPDATE 1
UPDATE 1
UPDATE 1
UPDATE 1
UPDATE 1
UPDATE 1
UPDATE 1
UPDATE 1
UPDATE 1
UPDATE 1
UPDATE 1
UPDATE 1
UPDATE 1
UPDATE 1
UPDATE 1
UPDATE 1
UPDATE 1
UPDATE 1
UPDATE 1
UPDATE 1
UPDATE 1
UPDATE 1
INSERT 0 0
INSERT 0 0
INSERT 0 0
INSERT 0 0
INSERT 0 0
INSERT 0 0
INSERT 0 0
INSERT 0 0
INSERT 0 0
INSERT 0 0
INSERT 0 0
INSERT 0 0
UPDATE 1
UPDATE 1
UPDATE 1
UPDATE 1
UPDATE 1
UPDATE 1
UPDATE 1
UPDATE 1
UPDATE 1
UPDATE 1
UPDATE 1
UPDATE 1
UPDATE 1
UPDATE 1
UPDATE 1
UPDATE 1
UPDATE 1
UPDATE 1
UPDATE 1
UPDATE 1
UPDATE 1
UPDATE 1
UPDATE 1
UPDATE 1
UPDATE 1
INSERT 0 0
INSERT 0 0
UPDATE 1
UPDATE 1
UPDATE 1
UPDATE 1
UPDATE 1
UPDATE 1
UPDATE 1
UPDATE 1
UPDATE 1
UPDATE 1
UPDATE 1
UPDATE 1
UPDATE 1
UPDATE 1
UPDATE 1
INSERT 0 0
INSERT 0 0
UPDATE 1
UPDATE 1
UPDATE 1
UPDATE 1
UPDATE 1
UPDATE 1
UPDATE 1
UPDATE 1
UPDATE 1
UPDATE 1
UPDATE 1
UPDATE 1
UPDATE 1
UPDATE 1
UPDATE 1
UPDATE 1
INSERT 0 0
UPDATE 1
INSERT 0 0
INSERT 0 0
INSERT 0 0
INSERT 0 0
INSERT 0 0
INSERT 0 0
INSERT 0 1
INSERT 0 2
INSERT 0 1
INSERT 0 2
INSERT 0 0
INSERT 0 0
INSERT 0 0
INSERT 0 0
INSERT 0 1
INSERT 0 2
INSERT 0 0
INSERT 0 0
INSERT 0 0
INSERT 0 0
INSERT 0 0
INSERT 0 1
INSERT 0 2
INSERT 0 1
INSERT 0 2
INSERT 0 0
INSERT 0 0
DELETE 2
DELETE 1
DELETE 2
DELETE 1
INSERT 0 0
INSERT 0 0
INSERT 0 0
INSERT 0 0
INSERT 0 0
INSERT 0 0
UPDATE 1
UPDATE 1
INSERT 0 0
INSERT 0 0
INSERT 0 0
INSERT 0 0
INSERT 0 0
INSERT 0 0
INSERT 0 0
INSERT 0 0
INSERT 0 1
INSERT 0 2
INSERT 0 1
INSERT 0 2
INSERT 0 0
INSERT 0 0
INSERT 0 1
INSERT 0 2
INSERT 0 0
INSERT 0 0
INSERT 0 0
INSERT 0 0
INSERT 0 0
INSERT 0 0
INSERT 0 0
INSERT 0 0
INSERT 0 0
UPDATE 1
UPDATE 1
UPDATE 1
UPDATE 1
UPDATE 1
UPDATE 1
UPDATE 1
UPDATE 1
UPDATE 1
UPDATE 1
UPDATE 1
UPDATE 1
UPDATE 1
UPDATE 1
UPDATE 1
UPDATE 1
UPDATE 1
UPDATE 1
DELETE 2
DELETE 1
DELETE 2
DELETE 1
DELETE 2
DELETE 1
UPDATE 1
UPDATE 1
UPDATE 1
UPDATE 1
UPDATE 1
UPDATE 1
UPDATE 1
DELETE 2
DELETE 1
DELETE 2
DELETE 1
DELETE 2
DELETE 1
INSERT 0 0
INSERT 0 0
UPDATE 1
UPDATE 1
UPDATE 1
UPDATE 1
UPDATE 1
UPDATE 1
UPDATE 1
UPDATE 1
UPDATE 1
UPDATE 1
UPDATE 1
UPDATE 1
UPDATE 1
UPDATE 1
UPDATE 1
UPDATE 1
UPDATE 1
UPDATE 1
UPDATE 1
UPDATE 1
UPDATE 1
UPDATE 1
UPDATE 1
UPDATE 1
UPDATE 1
UPDATE 1
UPDATE 1
UPDATE 1
UPDATE 1
UPDATE 1
UPDATE 1
UPDATE 1
UPDATE 1
UPDATE 1
UPDATE 1
UPDATE 1
UPDATE 1
UPDATE 1
INSERT 0 0
INSERT 0 0
UPDATE 1
UPDATE 1
UPDATE 1
UPDATE 1
UPDATE 1
UPDATE 1
INSERT 0 0
INSERT 0 0
INSERT 0 0
INSERT 0 0
UPDATE 1
UPDATE 1
UPDATE 1
UPDATE 1
UPDATE 1
UPDATE 1
UPDATE 1
UPDATE 1
UPDATE 1
UPDATE 1
INSERT 0 0
INSERT 0 0
UPDATE 1
INSERT 0 0
INSERT 0 0
INSERT 0 0
INSERT 0 0
INSERT 0 0
INSERT 0 0
INSERT 0 0
INSERT 0 0
UPDATE 1
UPDATE 1
UPDATE 1
UPDATE 1
UPDATE 1
UPDATE 1
INSERT 0 0
INSERT 0 0
UPDATE 1
UPDATE 1
UPDATE 1
UPDATE 1
UPDATE 1
UPDATE 1
UPDATE 1
UPDATE 1
UPDATE 1
UPDATE 1
UPDATE 1
UPDATE 1
UPDATE 1
UPDATE 1
UPDATE 1
UPDATE 1
UPDATE 1
UPDATE 1
UPDATE 1
UPDATE 1
UPDATE 1
UPDATE 1
UPDATE 1
UPDATE 1
UPDATE 1
UPDATE 1
UPDATE 1
UPDATE 1
 altercolumn 
-------------
 
(1 fila)

INSERT 0 0
INSERT 0 0
INSERT 0 0
UPDATE 1
UPDATE 1
UPDATE 1
UPDATE 1
UPDATE 1
UPDATE 1
UPDATE 1
UPDATE 1
UPDATE 1
UPDATE 1
UPDATE 1
UPDATE 1
UPDATE 1
              register_migration_script              
-----------------------------------------------------
 201308271245_IDEMPIERE-1286.sql was already applied
 201308271245_IDEMPIERE-1286.sql was already applied
(2 filas)

            filename             
---------------------------------
 201308291756_IDEMPIERE-1132.sql
(1 fila)

UPDATE 1
UPDATE 1
UPDATE 1
UPDATE 1
              register_migration_script              
-----------------------------------------------------
 201308291756_IDEMPIERE-1132.sql was already applied
 201308291756_IDEMPIERE-1132.sql was already applied
(2 filas)

            filename             
---------------------------------
 201309031235_IDEMPIERE-1269.sql
(1 fila)

UPDATE 1
UPDATE 1
UPDATE 1
              register_migration_script              
-----------------------------------------------------
 201309031235_IDEMPIERE-1269.sql was already applied
 201309031235_IDEMPIERE-1269.sql was already applied
(2 filas)

            filename             
---------------------------------
 201309041711_IDEMPIERE-1286.sql
(1 fila)

UPDATE 1
              register_migration_script              
-----------------------------------------------------
 201309041711_IDEMPIERE-1286.sql was already applied
 201309041711_IDEMPIERE-1286.sql was already applied
(2 filas)

            filename             
---------------------------------
 201309111751_IDEMPIERE-1265.sql
(1 fila)

INSERT 0 1
INSERT 0 1
CREATE VIEW
UPDATE 1
UPDATE 1
UPDATE 1
UPDATE 1
UPDATE 1
UPDATE 1
UPDATE 1
UPDATE 1
UPDATE 1
UPDATE 1
UPDATE 1
UPDATE 1
UPDATE 1
UPDATE 1
UPDATE 1
UPDATE 1
UPDATE 1
UPDATE 1
UPDATE 1
UPDATE 1
UPDATE 1
UPDATE 1
UPDATE 1
UPDATE 1
UPDATE 1
UPDATE 1
UPDATE 1
UPDATE 1
UPDATE 1
UPDATE 1
UPDATE 1
UPDATE 1
UPDATE 1
UPDATE 1
UPDATE 1
UPDATE 1
UPDATE 1
UPDATE 1
UPDATE 1
UPDATE 1
UPDATE 1
UPDATE 1
UPDATE 1
UPDATE 1
UPDATE 1
UPDATE 1
UPDATE 1
UPDATE 1
UPDATE 1
UPDATE 1
UPDATE 1
UPDATE 1
UPDATE 1
UPDATE 1
UPDATE 1
DELETE 0
DELETE 1
DELETE 1
              register_migration_script              
-----------------------------------------------------
 201309111751_IDEMPIERE-1265.sql was already applied
 201309111751_IDEMPIERE-1265.sql was already applied
(2 filas)

            filename             
---------------------------------
 201309120100_IDEMPIERE-1328.sql
(1 fila)

UPDATE 1
UPDATE 1
UPDATE 1
UPDATE 1
UPDATE 1
UPDATE 1
UPDATE 1
UPDATE 1
UPDATE 1
UPDATE 1
UPDATE 1
UPDATE 1
UPDATE 1
UPDATE 1
UPDATE 1
UPDATE 1
UPDATE 1
UPDATE 1
UPDATE 1
UPDATE 1
UPDATE 1
UPDATE 1
UPDATE 0
UPDATE 0
UPDATE 0
UPDATE 1
              register_migration_script              
-----------------------------------------------------
 201309120100_IDEMPIERE-1328.sql was already applied
 201309120100_IDEMPIERE-1328.sql was already applied
(2 filas)

            filename             
---------------------------------
 201309121040_IDEMPIERE-1064.sql
(1 fila)

UPDATE 1
UPDATE 1
UPDATE 1
UPDATE 1
UPDATE 1
UPDATE 1
UPDATE 1
UPDATE 1
UPDATE 1
UPDATE 1
UPDATE 1
UPDATE 1
UPDATE 1
UPDATE 1
UPDATE 1
UPDATE 1
UPDATE 1
UPDATE 1
UPDATE 1
UPDATE 1
UPDATE 1
UPDATE 1
UPDATE 1
UPDATE 1
UPDATE 1
UPDATE 1
UPDATE 1
UPDATE 1
UPDATE 1
UPDATE 1
UPDATE 1
              register_migration_script              
-----------------------------------------------------
 201309121040_IDEMPIERE-1064.sql was already applied
 201309121040_IDEMPIERE-1064.sql was already applied
(2 filas)

            filename             
---------------------------------
 201309121045_IDEMPIERE-1362.sql
(1 fila)

INSERT 0 0
INSERT 0 0
INSERT 0 0
INSERT 0 0
INSERT 0 0
INSERT 0 0
              register_migration_script              
-----------------------------------------------------
 201309121045_IDEMPIERE-1362.sql was already applied
 201309121045_IDEMPIERE-1362.sql was already applied
(2 filas)

            filename             
---------------------------------
 201309261730_IDEMPIERE-1184.sql
(1 fila)

UPDATE 1
 altercolumn 
-------------
 
(1 fila)

INSERT 0 0
              register_migration_script              
-----------------------------------------------------
 201309261730_IDEMPIERE-1184.sql was already applied
 201309261730_IDEMPIERE-1184.sql was already applied
(2 filas)

            filename             
---------------------------------
 201309302132_IDEMPIERE-1411.sql
(1 fila)

DELETE 0
DELETE 0
DELETE 0
DELETE 0
DELETE 0
DELETE 0
DELETE 0
              register_migration_script              
-----------------------------------------------------
 201309302132_IDEMPIERE-1411.sql was already applied
 201309302132_IDEMPIERE-1411.sql was already applied
(2 filas)

            filename            
--------------------------------
 201310012030_IDEMPIERE-159.sql
(1 fila)

UPDATE 1
             register_migration_script              
----------------------------------------------------
 201310012030_IDEMPIERE-159.sql was already applied
 201310012030_IDEMPIERE-159.sql was already applied
(2 filas)

            filename             
---------------------------------
 201310021718_IDEMPIERE-1132.sql
(1 fila)

UPDATE 1
UPDATE 1
UPDATE 1
UPDATE 1
UPDATE 1
UPDATE 1
UPDATE 1
UPDATE 1
UPDATE 1
UPDATE 1
UPDATE 1
UPDATE 1
UPDATE 1
UPDATE 1
UPDATE 1
UPDATE 1
UPDATE 1
UPDATE 1
UPDATE 1
UPDATE 1
UPDATE 1
UPDATE 1
UPDATE 1
UPDATE 1
UPDATE 1
UPDATE 1
UPDATE 1
UPDATE 1
UPDATE 1
UPDATE 1
UPDATE 1
UPDATE 1
UPDATE 1
UPDATE 1
UPDATE 1
UPDATE 1
UPDATE 1
UPDATE 1
UPDATE 1
UPDATE 1
UPDATE 1
UPDATE 1
UPDATE 1
UPDATE 1
UPDATE 1
UPDATE 1
UPDATE 1
UPDATE 1
UPDATE 1
UPDATE 1
UPDATE 1
UPDATE 1
UPDATE 1
UPDATE 1
UPDATE 1
UPDATE 1
UPDATE 1
UPDATE 1
UPDATE 1
UPDATE 1
UPDATE 1
UPDATE 1
UPDATE 1
UPDATE 1
UPDATE 1
UPDATE 1
UPDATE 1
UPDATE 1
UPDATE 1
UPDATE 1
UPDATE 1
UPDATE 1
UPDATE 1
UPDATE 1
UPDATE 1
UPDATE 1
UPDATE 1
UPDATE 1
UPDATE 1
 altercolumn 
-------------
 
(1 fila)

INSERT 0 0
UPDATE 1
UPDATE 1
UPDATE 1
UPDATE 1
UPDATE 1
              register_migration_script              
-----------------------------------------------------
 201310021718_IDEMPIERE-1132.sql was already applied
 201310021718_IDEMPIERE-1132.sql was already applied
(2 filas)

            filename             
---------------------------------
 201310030605_IDEMPIERE-1265.sql
(1 fila)

UPDATE 1
UPDATE 1
UPDATE 1
UPDATE 1
UPDATE 1
UPDATE 1
UPDATE 1
UPDATE 1
              register_migration_script              
-----------------------------------------------------
 201310030605_IDEMPIERE-1265.sql was already applied
 201310030605_IDEMPIERE-1265.sql was already applied
(2 filas)

            filename             
---------------------------------
 201310040650_IDEMPIERE-1196.sql
(1 fila)

UPDATE 1
UPDATE 1
UPDATE 0
UPDATE 0
UPDATE 0
UPDATE 1
UPDATE 0
              register_migration_script              
-----------------------------------------------------
 201310040650_IDEMPIERE-1196.sql was already applied
 201310040650_IDEMPIERE-1196.sql was already applied
(2 filas)

            filename             
---------------------------------
 201310040834_IDEMPIERE-1265.sql
(1 fila)

UPDATE 1
UPDATE 1
UPDATE 1
UPDATE 1
UPDATE 1
UPDATE 1
UPDATE 1
UPDATE 1
UPDATE 1
UPDATE 1
UPDATE 1
UPDATE 1
              register_migration_script              
-----------------------------------------------------
 201310040834_IDEMPIERE-1265.sql was already applied
 201310040834_IDEMPIERE-1265.sql was already applied
(2 filas)

            filename             
---------------------------------
 201310080300_IDEMPIERE-1285.sql
(1 fila)

UPDATE 1
UPDATE 1
UPDATE 1
UPDATE 1
UPDATE 1
UPDATE 1
UPDATE 1
UPDATE 1
              register_migration_script              
-----------------------------------------------------
 201310080300_IDEMPIERE-1285.sql was already applied
 201310080300_IDEMPIERE-1285.sql was already applied
(2 filas)

            filename             
---------------------------------
 201310110610_IDEMPIERE-1158.sql
(1 fila)

UPDATE 1
UPDATE 1
UPDATE 1
UPDATE 1
UPDATE 1
UPDATE 1
UPDATE 1
UPDATE 1
UPDATE 1
UPDATE 1
UPDATE 1
UPDATE 1
UPDATE 1
UPDATE 1
UPDATE 1
UPDATE 1
UPDATE 1
UPDATE 1
UPDATE 1
UPDATE 1
UPDATE 1
UPDATE 1
              register_migration_script              
-----------------------------------------------------
 201310110610_IDEMPIERE-1158.sql was already applied
 201310110610_IDEMPIERE-1158.sql was already applied
(2 filas)

            filename            
--------------------------------
 201310141246_IDEMPIERE-386.sql
(1 fila)

INSERT 0 0
INSERT 0 0
INSERT 0 0
INSERT 0 0
INSERT 0 0
INSERT 0 0
UPDATE 1
UPDATE 1
UPDATE 1
UPDATE 1
UPDATE 1
INSERT 0 0
UPDATE 1
UPDATE 0
ALTER TABLE
ALTER TABLE
ALTER TABLE
INSERT 0 0
INSERT 0 0
UPDATE 1
UPDATE 1
UPDATE 1
UPDATE 1
UPDATE 1
UPDATE 1
UPDATE 1
UPDATE 1
UPDATE 1
INSERT 0 0
UPDATE 0
ALTER TABLE
ALTER TABLE
ALTER TABLE
INSERT 0 0
INSERT 0 0
UPDATE 1
UPDATE 1
UPDATE 1
UPDATE 1
UPDATE 1
UPDATE 1
UPDATE 1
UPDATE 1
INSERT 0 0
UPDATE 1
UPDATE 0
ALTER TABLE
ALTER TABLE
ALTER TABLE
INSERT 0 0
INSERT 0 0
UPDATE 1
UPDATE 1
UPDATE 1
UPDATE 1
INSERT 0 0
INSERT 0 0
UPDATE 0
ALTER TABLE
ALTER TABLE
ALTER TABLE
ALTER TABLE
UPDATE 20
UPDATE 1
 altercolumn 
-------------
 
(1 fila)

INSERT 0 0
 altercolumn 
-------------
 
(1 fila)

INSERT 0 0
ALTER TABLE
CREATE VIEW
UPDATE 1
UPDATE 1
UPDATE 1
UPDATE 1
UPDATE 1
UPDATE 1
UPDATE 1
UPDATE 1
UPDATE 1
UPDATE 1
UPDATE 1
UPDATE 1
UPDATE 1
UPDATE 1
UPDATE 1
UPDATE 1
UPDATE 1
UPDATE 1
UPDATE 1
UPDATE 1
UPDATE 1
UPDATE 1
UPDATE 1
             register_migration_script              
----------------------------------------------------
 201310141246_IDEMPIERE-386.sql was already applied
 201310141246_IDEMPIERE-386.sql was already applied
(2 filas)

            filename             
---------------------------------
 201310171231_IDEMPIERE-1286.sql
(1 fila)

UPDATE 1
              register_migration_script              
-----------------------------------------------------
 201310171231_IDEMPIERE-1286.sql was already applied
 201310171231_IDEMPIERE-1286.sql was already applied
(2 filas)

         filename         
--------------------------
 201310220920_1003129.sql
(1 fila)

UPDATE 1
UPDATE 1
UPDATE 1
UPDATE 1
UPDATE 1
UPDATE 1
          register_migration_script           
----------------------------------------------
 201310220920_1003129.sql was already applied
 201310220920_1003129.sql was already applied
(2 filas)

         filename         
--------------------------
 201310230810_1003376.sql
(1 fila)

UPDATE 1
UPDATE 1
UPDATE 1
          register_migration_script           
----------------------------------------------
 201310230810_1003376.sql was already applied
 201310230810_1003376.sql was already applied
(2 filas)

            filename             
---------------------------------
 201310250407_IDEMPIERE-1459.sql
(1 fila)

CREATE VIEW
              register_migration_script              
-----------------------------------------------------
 201310250407_IDEMPIERE-1459.sql was already applied
 201310250407_IDEMPIERE-1459.sql was already applied
(2 filas)

            filename             
---------------------------------
 201310251520_IDEMPIERE-1286.sql
(1 fila)

              register_migration_script              
-----------------------------------------------------
 201310251520_IDEMPIERE-1286.sql was already applied
 201310251520_IDEMPIERE-1286.sql was already applied
(2 filas)

                 filename                  
-------------------------------------------
 201310311828_ReleaseQA_IDEMPIERE-1157.sql
(1 fila)

UPDATE 4
UPDATE 3
UPDATE 3
                   register_migration_script                   
---------------------------------------------------------------
 201310311828_ReleaseQA_IDEMPIERE-1157.sql was already applied
 201310311828_ReleaseQA_IDEMPIERE-1157.sql was already applied
(2 filas)

            filename            
--------------------------------
 201310311837_UUIDsRelease2.sql
(1 fila)

UPDATE 1
UPDATE 1
UPDATE 1
UPDATE 1
UPDATE 1
UPDATE 1
UPDATE 1
UPDATE 1
UPDATE 1
UPDATE 1
UPDATE 1
UPDATE 1
UPDATE 1
UPDATE 1
UPDATE 1
UPDATE 1
UPDATE 1
UPDATE 1
UPDATE 1
UPDATE 1
UPDATE 1
UPDATE 1
UPDATE 1
UPDATE 1
UPDATE 1
UPDATE 1
UPDATE 1
UPDATE 1
UPDATE 1
UPDATE 1
UPDATE 1
UPDATE 1
UPDATE 1
UPDATE 1
UPDATE 1
UPDATE 1
UPDATE 1
UPDATE 1
UPDATE 1
UPDATE 1
UPDATE 1
UPDATE 1
UPDATE 1
UPDATE 1
UPDATE 1
UPDATE 1
UPDATE 1
UPDATE 1
UPDATE 1
UPDATE 1
UPDATE 1
UPDATE 1
UPDATE 1
UPDATE 1
UPDATE 1
UPDATE 1
UPDATE 1
UPDATE 1
UPDATE 1
UPDATE 1
UPDATE 1
UPDATE 1
UPDATE 1
UPDATE 1
UPDATE 1
UPDATE 1
UPDATE 1
UPDATE 1
UPDATE 1
UPDATE 1
UPDATE 1
UPDATE 1
UPDATE 1
UPDATE 1
UPDATE 1
UPDATE 1
UPDATE 1
UPDATE 1
UPDATE 1
UPDATE 1
UPDATE 1
UPDATE 1
UPDATE 1
UPDATE 1
UPDATE 1
UPDATE 1
UPDATE 1
UPDATE 1
UPDATE 1
UPDATE 1
UPDATE 1
UPDATE 1
UPDATE 1
UPDATE 1
UPDATE 1
UPDATE 1
UPDATE 1
UPDATE 1
UPDATE 1
UPDATE 1
UPDATE 1
UPDATE 1
UPDATE 1
UPDATE 1
UPDATE 1
UPDATE 1
UPDATE 1
UPDATE 1
UPDATE 1
UPDATE 1
UPDATE 1
UPDATE 1
UPDATE 1
UPDATE 1
UPDATE 1
UPDATE 1
UPDATE 1
UPDATE 1
UPDATE 1
UPDATE 1
UPDATE 1
UPDATE 1
             register_migration_script              
----------------------------------------------------
 201310311837_UUIDsRelease2.sql was already applied
 201310311837_UUIDsRelease2.sql was already applied
(2 filas)

           filename           
------------------------------
 201310311919_FKsRelease2.sql
(1 fila)

            register_migration_script             
--------------------------------------------------
 201310311919_FKsRelease2.sql was already applied
 201310311919_FKsRelease2.sql was already applied
(2 filas)

         filename         
--------------------------
 201310312246_Version.sql
(1 fila)

UPDATE 1
          register_migration_script           
----------------------------------------------
 201310312246_Version.sql was already applied
 201310312246_Version.sql was already applied
(2 filas)

COMMIT
