            filename             
---------------------------------
 202001180600_IDEMPIERE-4628.sql
(1 row)

INSERT 0 1
INSERT 0 1
UPDATE 1
                register_migration_script                
---------------------------------------------------------
 202001180600_IDEMPIERE-4628.sql successfully registered
(1 row)

            filename             
---------------------------------
 202101131048_IDEMPIERE-4645.sql
(1 row)

INSERT 0 1
INSERT 0 1
INSERT 0 1
INSERT 0 1
INSERT 0 1
INSERT 0 1
INSERT 0 1
INSERT 0 1
UPDATE 1
                register_migration_script                
---------------------------------------------------------
 202101131048_IDEMPIERE-4645.sql successfully registered
(1 row)

            filename             
---------------------------------
 202101152101_IDEMPIERE-4650.sql
(1 row)

UPDATE 1
UPDATE 0
UPDATE 1
UPDATE 1
                register_migration_script                
---------------------------------------------------------
 202101152101_IDEMPIERE-4650.sql successfully registered
(1 row)

            filename             
---------------------------------
 202101190630_IDEMPIERE-4653.sql
(1 row)

INSERT 0 1
                register_migration_script                
---------------------------------------------------------
 202101190630_IDEMPIERE-4653.sql successfully registered
(1 row)

            filename             
---------------------------------
 202101260800_IDEMPIERE-4654.sql
(1 row)

UPDATE 1
                register_migration_script                
---------------------------------------------------------
 202101260800_IDEMPIERE-4654.sql successfully registered
(1 row)

            filename             
---------------------------------
 202102180540_IDEMPIERE-4705.sql
(1 row)

INSERT 0 1
                register_migration_script                
---------------------------------------------------------
 202102180540_IDEMPIERE-4705.sql successfully registered
(1 row)

            filename             
---------------------------------
 202102191922_IDEMPIERE-4713.sql
(1 row)

INSERT 0 1
INSERT 0 1
ALTER TABLE
INSERT 0 1
UPDATE 1
UPDATE 1
INSERT 0 1
ALTER TABLE
INSERT 0 1
UPDATE 1
UPDATE 1
UPDATE 1
                register_migration_script                
---------------------------------------------------------
 202102191922_IDEMPIERE-4713.sql successfully registered
(1 row)

            filename             
---------------------------------
 01_add_missing_translations.sql
(1 row)

CREATE FUNCTION
 add_missing_translations 
--------------------------
 
(1 row)

           filename            
-------------------------------
 02_SynchronizeTerminology.sql
(1 row)

INSERT 0 0
UPDATE 0
UPDATE 0
UPDATE 0
UPDATE 110
UPDATE 370
UPDATE 110
UPDATE 370
UPDATE 0
UPDATE 0
UPDATE 0
UPDATE 0
UPDATE 0
UPDATE 0
UPDATE 0
UPDATE 1
UPDATE 4
UPDATE 0
UPDATE 0
UPDATE 1
UPDATE 4
UPDATE 38
UPDATE 0
UPDATE 0
UPDATE 448
UPDATE 0
UPDATE 0
UPDATE 358
UPDATE 1432
UPDATE 319
UPDATE 1276
UPDATE 35
UPDATE 140
UPDATE 12
UPDATE 48
UPDATE 3
UPDATE 12
UPDATE 1
UPDATE 4
UPDATE 0
UPDATE 0
UPDATE 0
UPDATE 67
UPDATE 277
        filename         
-------------------------
 03_update_sequences.sql
(1 row)

CREATE FUNCTION
 update_sequences 
------------------
 
(1 row)

         filename          
---------------------------
 04_role_access_update.sql
(1 row)

CREATE FUNCTION
 role_access_update 
--------------------
 
(1 row)

COMMIT
