            filename             
---------------------------------
 01_add_missing_translations.sql
(1 row)

CREATE FUNCTION
 add_missing_translations 
--------------------------
 
(1 row)

           filename            
-------------------------------
 02_SynchronizeTerminology.sql
(1 row)

INSERT 0 0
UPDATE 0
UPDATE 0
UPDATE 0
UPDATE 110
UPDATE 370
UPDATE 110
UPDATE 370
UPDATE 0
UPDATE 0
UPDATE 0
UPDATE 0
UPDATE 0
UPDATE 0
UPDATE 0
UPDATE 1
UPDATE 4
UPDATE 0
UPDATE 0
UPDATE 1
UPDATE 4
UPDATE 0
UPDATE 0
UPDATE 0
UPDATE 0
UPDATE 0
UPDATE 0
UPDATE 358
UPDATE 1432
UPDATE 319
UPDATE 1276
UPDATE 35
UPDATE 140
UPDATE 12
UPDATE 48
UPDATE 3
UPDATE 12
UPDATE 1
UPDATE 4
UPDATE 0
UPDATE 0
UPDATE 0
UPDATE 67
UPDATE 277
        filename         
-------------------------
 03_update_sequences.sql
(1 row)

CREATE FUNCTION
 update_sequences 
------------------
 
(1 row)

         filename          
---------------------------
 04_role_access_update.sql
(1 row)

CREATE FUNCTION
 role_access_update 
--------------------
 
(1 row)

COMMIT
